Release 14.7 - xst P.20131013 (nt64)
Copyright (c) 1995-2013 Xilinx, Inc.  All rights reserved.
--> Parameter TMPDIR set to xst/projnav.tmp


Total REAL time to Xst completion: 0.00 secs
Total CPU time to Xst completion: 0.03 secs
 
--> Parameter xsthdpdir set to xst


Total REAL time to Xst completion: 0.00 secs
Total CPU time to Xst completion: 0.03 secs
 
--> Reading design: ad_da.prj

TABLE OF CONTENTS
  1) Synthesis Options Summary
  2) HDL Parsing
  3) HDL Elaboration
  4) HDL Synthesis
       4.1) HDL Synthesis Report
  5) Advanced HDL Synthesis
       5.1) Advanced HDL Synthesis Report
  6) Low Level Synthesis
  7) Partition Report
  8) Design Summary
       8.1) Primitive and Black Box Usage
       8.2) Device utilization summary
       8.3) Partition Resource Summary
       8.4) Timing Report
            8.4.1) Clock Information
            8.4.2) Asynchronous Control Signals Information
            8.4.3) Timing Summary
            8.4.4) Timing Details
            8.4.5) Cross Clock Domains Report


=========================================================================
*                      Synthesis Options Summary                        *
=========================================================================
---- Source Parameters
Input File Name                    : "ad_da.prj"
Ignore Synthesis Constraint File   : NO

---- Target Parameters
Output File Name                   : "ad_da"
Output Format                      : NGC
Target Device                      : xc6slx16-2-ftg256

---- Source Options
Top Module Name                    : ad_da
Automatic FSM Extraction           : YES
FSM Encoding Algorithm             : Auto
Safe Implementation                : No
FSM Style                          : LUT
RAM Extraction                     : Yes
RAM Style                          : Auto
ROM Extraction                     : Yes
Shift Register Extraction          : YES
ROM Style                          : Auto
Resource Sharing                   : YES
Asynchronous To Synchronous        : NO
Shift Register Minimum Size        : 2
Use DSP Block                      : Auto
Automatic Register Balancing       : No

---- Target Options
LUT Combining                      : Auto
Reduce Control Sets                : Auto
Add IO Buffers                     : YES
Global Maximum Fanout              : 100000
Add Generic Clock Buffer(BUFG)     : 16
Register Duplication               : YES
Optimize Instantiated Primitives   : NO
Use Clock Enable                   : Auto
Use Synchronous Set                : Auto
Use Synchronous Reset              : Auto
Pack IO Registers into IOBs        : Auto
Equivalent register Removal        : YES

---- General Options
Optimization Goal                  : Speed
Optimization Effort                : 1
Power Reduction                    : NO
Keep Hierarchy                     : No
Netlist Hierarchy                  : As_Optimized
RTL Output                         : Yes
Global Optimization                : AllClockNets
Read Cores                         : YES
Write Timing Constraints           : NO
Cross Clock Analysis               : NO
Hierarchy Separator                : /
Bus Delimiter                      : <>
Case Specifier                     : Maintain
Slice Utilization Ratio            : 100
BRAM Utilization Ratio             : 100
DSP48 Utilization Ratio            : 100
Auto BRAM Packing                  : NO
Slice Utilization Ratio Delta      : 5

---- Other Options
Cores Search Directories           : {"ipcore_dir"  }

=========================================================================


=========================================================================
*                          HDL Parsing                                  *
=========================================================================
Analyzing Verilog file "C:\IES111\dac\ipcore_dir\rom_tri.v" into library work
Parsing module <rom_tri>.
Analyzing Verilog file "C:\IES111\dac\ipcore_dir\rom_squ.v" into library work
Parsing module <rom_squ>.
Analyzing Verilog file "C:\IES111\dac\ipcore_dir\rom_saw.v" into library work
Parsing module <rom_saw>.
Analyzing Verilog file "C:\IES111\dac\ipcore_dir\rom.v" into library work
Parsing module <rom>.
Analyzing Verilog file "C:\IES111\dac\ad_da.vf" into library work
Parsing module <ad_da>.
Parsing VHDL file "C:\IES111\dac\da_wave_send.vhd" into library work
Parsing entity <da_wave_send>.
Parsing architecture <trans> of entity <da_wave_send>.
Parsing VHDL file "C:\IES111\dac\counter.vhd" into library work
Parsing entity <counter>.
Parsing architecture <Behavioral> of entity <counter>.
Parsing VHDL file "C:\IES111\dac\ad_wave_rec.vhd" into library work
Parsing entity <ad_wave_rec>.
Parsing architecture <trans> of entity <ad_wave_rec>.

=========================================================================
*                            HDL Elaboration                            *
=========================================================================

Elaborating module <ad_da>.
Going to vhdl side to elaborate module counter

Elaborating entity <counter> (architecture <Behavioral>) from library <work>.
Back to verilog to continue elaboration
Going to vhdl side to elaborate module counter

Elaborating entity <counter> (architecture <Behavioral>) from library <work>.
WARNING:HDLCompiler:758 - "C:\IES111\dac\counter.vhd" Line 4: Replacing existing netlist counter(Behavioral)
Back to verilog to continue elaboration
Going to vhdl side to elaborate module ad_wave_rec

Elaborating entity <ad_wave_rec> (architecture <trans>) from library <work>.
Back to verilog to continue elaboration
Going to vhdl side to elaborate module da_wave_send

Elaborating entity <da_wave_send> (architecture <trans>) from library <work>.
WARNING:HDLCompiler:92 - "C:\IES111\dac\da_wave_send.vhd" Line 34: rd_data should be on the sensitivity list of the process
WARNING:HDLCompiler:92 - "C:\IES111\dac\da_wave_send.vhd" Line 36: rd_data2 should be on the sensitivity list of the process
WARNING:HDLCompiler:92 - "C:\IES111\dac\da_wave_send.vhd" Line 38: rd_data3 should be on the sensitivity list of the process
WARNING:HDLCompiler:92 - "C:\IES111\dac\da_wave_send.vhd" Line 40: rd_data4 should be on the sensitivity list of the process
INFO:HDLCompiler:679 - "C:\IES111\dac\da_wave_send.vhd" Line 41. Case statement is complete. others clause is never selected
Back to verilog to continue elaboration

Elaborating module <rom>.
WARNING:HDLCompiler:1499 - "C:\IES111\dac\ipcore_dir\rom.v" Line 39: Empty module <rom> remains a black box.

Elaborating module <rom_saw>.
WARNING:HDLCompiler:1499 - "C:\IES111\dac\ipcore_dir\rom_saw.v" Line 39: Empty module <rom_saw> remains a black box.

Elaborating module <rom_squ>.
WARNING:HDLCompiler:1499 - "C:\IES111\dac\ipcore_dir\rom_squ.v" Line 39: Empty module <rom_squ> remains a black box.

Elaborating module <rom_tri>.
WARNING:HDLCompiler:1499 - "C:\IES111\dac\ipcore_dir\rom_tri.v" Line 39: Empty module <rom_tri> remains a black box.

Elaborating module <BUFG>.

Elaborating module <IBUFG>.

=========================================================================
*                           HDL Synthesis                               *
=========================================================================

Synthesizing Unit <ad_da>.
    Related source file is "C:\IES111\dac\ad_da.vf".
    Set property "IOSTANDARD = DEFAULT" for instance <XLXI_11>.
    Set property "IBUF_DELAY_VALUE = 0" for instance <XLXI_11>.
    Set property "IOSTANDARD = DEFAULT" for instance <XLXI_12>.
    Set property "IBUF_DELAY_VALUE = 0" for instance <XLXI_12>.
    Set property "IOSTANDARD = DEFAULT" for instance <XLXI_13>.
    Set property "IBUF_DELAY_VALUE = 0" for instance <XLXI_13>.
    Summary:
	no macro.
Unit <ad_da> synthesized.

Synthesizing Unit <counter>.
    Related source file is "C:\IES111\dac\counter.vhd".
    Found 2-bit register for signal <tempcounter>.
    Found 2-bit adder for signal <tempcounter[1]_GND_7_o_add_1_OUT> created at line 20.
    Summary:
	inferred   1 Adder/Subtractor(s).
	inferred   2 D-type flip-flop(s).
Unit <counter> synthesized.

Synthesizing Unit <ad_wave_rec>.
    Related source file is "C:\IES111\dac\ad_wave_rec.vhd".
    Found 1-bit register for signal <mid>.
    Found 1-bit register for signal <counter>.
    Found 8-bit register for signal <ad_out>.
    Found 1-bit adder for signal <counter[0]_PWR_8_o_add_1_OUT<0>> created at line 33.
    Summary:
	inferred   1 Adder/Subtractor(s).
	inferred  10 D-type flip-flop(s).
	inferred   1 Multiplexer(s).
Unit <ad_wave_rec> synthesized.

Synthesizing Unit <da_wave_send>.
    Related source file is "C:\IES111\dac\da_wave_send.vhd".
    Found 8-bit register for signal <rd_addr_xhdl0>.
    Found 8-bit register for signal <freq_cnt>.
    Found 8-bit adder for signal <freq_adj> created at line 29.
    Found 8-bit adder for signal <rd_addr_xhdl0[7]_GND_9_o_add_4_OUT> created at line 54.
    Found 8-bit adder for signal <freq_cnt[7]_GND_9_o_add_5_OUT> created at line 56.
    Found 8-bit 4-to-1 multiplexer for signal <da_data> created at line 32.
    Found 8-bit comparator equal for signal <freq_cnt[7]_freq_adj[7]_equal_4_o> created at line 52
    Summary:
	inferred   3 Adder/Subtractor(s).
	inferred  16 D-type flip-flop(s).
	inferred   1 Comparator(s).
	inferred   2 Multiplexer(s).
Unit <da_wave_send> synthesized.

=========================================================================
HDL Synthesis Report

Macro Statistics
# Adders/Subtractors                                   : 6
 1-bit adder                                           : 1
 2-bit adder                                           : 2
 8-bit adder                                           : 3
# Registers                                            : 7
 1-bit register                                        : 2
 2-bit register                                        : 2
 8-bit register                                        : 3
# Comparators                                          : 1
 8-bit comparator equal                                : 1
# Multiplexers                                         : 3
 1-bit 2-to-1 multiplexer                              : 1
 8-bit 2-to-1 multiplexer                              : 1
 8-bit 4-to-1 multiplexer                              : 1

=========================================================================

=========================================================================
*                       Advanced HDL Synthesis                          *
=========================================================================

Reading core <ipcore_dir/rom.ngc>.
Reading core <ipcore_dir/rom_saw.ngc>.
Reading core <ipcore_dir/rom_squ.ngc>.
Reading core <ipcore_dir/rom_tri.ngc>.
Loading core <rom> for timing and area information for instance <XLXI_5>.
Loading core <rom_saw> for timing and area information for instance <XLXI_6>.
Loading core <rom_squ> for timing and area information for instance <XLXI_7>.
Loading core <rom_tri> for timing and area information for instance <XLXI_8>.

Synthesizing (advanced) Unit <counter>.
The following registers are absorbed into counter <tempcounter>: 1 register on signal <tempcounter>.
Unit <counter> synthesized (advanced).

Synthesizing (advanced) Unit <da_wave_send>.
The following registers are absorbed into counter <freq_cnt>: 1 register on signal <freq_cnt>.
The following registers are absorbed into counter <rd_addr_xhdl0>: 1 register on signal <rd_addr_xhdl0>.
Unit <da_wave_send> synthesized (advanced).

=========================================================================
Advanced HDL Synthesis Report

Macro Statistics
# Adders/Subtractors                                   : 2
 1-bit adder                                           : 1
 8-bit adder                                           : 1
# Counters                                             : 4
 2-bit up counter                                      : 2
 8-bit up counter                                      : 2
# Registers                                            : 10
 Flip-Flops                                            : 10
# Comparators                                          : 1
 8-bit comparator equal                                : 1
# Multiplexers                                         : 1
 8-bit 4-to-1 multiplexer                              : 1

=========================================================================

=========================================================================
*                         Low Level Synthesis                           *
=========================================================================

Optimizing unit <ad_da> ...

Optimizing unit <ad_wave_rec> ...

Mapping all equations...
Building and optimizing final netlist ...
Found area constraint ratio of 100 (+ 5) on block ad_da, actual ratio is 0.

Final Macro Processing ...

=========================================================================
Final Register Report

Macro Statistics
# Registers                                            : 30
 Flip-Flops                                            : 30

=========================================================================

=========================================================================
*                           Partition Report                            *
=========================================================================

Partition Implementation Status
-------------------------------

  No Partitions were found in this design.

-------------------------------

=========================================================================
*                            Design Summary                             *
=========================================================================

Top Level Output File Name         : ad_da.ngc

Primitive and Black Box Usage:
------------------------------
# BELS                             : 87
#      GND                         : 5
#      INV                         : 8
#      LUT1                        : 12
#      LUT2                        : 4
#      LUT3                        : 8
#      LUT5                        : 3
#      LUT6                        : 12
#      MUXCY                       : 14
#      VCC                         : 5
#      XORCY                       : 16
# FlipFlops/Latches                : 30
#      FDC                         : 14
#      FDCE                        : 8
#      FDE                         : 8
# RAMS                             : 4
#      RAMB8BWER                   : 4
# Clock Buffers                    : 1
#      BUFG                        : 1
# IO Buffers                       : 30
#      IBUF                        : 9
#      IBUFG                       : 3
#      OBUF                        : 18

Device utilization summary:
---------------------------

Selected Device : 6slx16ftg256-2 


Slice Logic Utilization: 
 Number of Slice Registers:              30  out of  18224     0%  
 Number of Slice LUTs:                   47  out of   9112     0%  
    Number used as Logic:                47  out of   9112     0%  

Slice Logic Distribution: 
 Number of LUT Flip Flop pairs used:     52
   Number with an unused Flip Flop:      22  out of     52    42%  
   Number with an unused LUT:             5  out of     52     9%  
   Number of fully used LUT-FF pairs:    25  out of     52    48%  
   Number of unique control sets:         6

IO Utilization: 
 Number of IOs:                          30
 Number of bonded IOBs:                  30  out of    186    16%  

Specific Feature Utilization:
 Number of Block RAM/FIFO:                2  out of     32     6%  
    Number using Block RAM only:          2
 Number of BUFG/BUFGCTRLs:                1  out of     16     6%  

---------------------------
Partition Resource Summary:
---------------------------

  No Partitions were found in this design.

---------------------------


=========================================================================
Timing Report

NOTE: THESE TIMING NUMBERS ARE ONLY A SYNTHESIS ESTIMATE.
      FOR ACCURATE TIMING INFORMATION PLEASE REFER TO THE TRACE REPORT
      GENERATED AFTER PLACE-and-ROUTE.

Clock Information:
------------------
-----------------------------------+------------------------+-------+
Clock Signal                       | Clock buffer(FF name)  | Load  |
-----------------------------------+------------------------+-------+
key2                               | IBUFG                  | 2     |
key1                               | IBUFG                  | 2     |
sys_clk                            | IBUFG+BUFG             | 30    |
-----------------------------------+------------------------+-------+

Asynchronous Control Signals Information:
----------------------------------------
No asynchronous control signals found in this design

Timing Summary:
---------------
Speed Grade: -2

   Minimum period: 4.157ns (Maximum Frequency: 240.573MHz)
   Minimum input arrival time before clock: 4.100ns
   Maximum output required time after clock: 6.905ns
   Maximum combinational path delay: 6.384ns

Timing Details:
---------------
All values displayed in nanoseconds (ns)

=========================================================================
Timing constraint: Default period analysis for Clock 'key2'
  Clock period: 2.444ns (frequency: 409.165MHz)
  Total number of paths / destination ports: 3 / 2
-------------------------------------------------------------------------
Delay:               2.444ns (Levels of Logic = 1)
  Source:            XLXI_2/tempcounter_0 (FF)
  Destination:       XLXI_2/tempcounter_0 (FF)
  Source Clock:      key2 falling
  Destination Clock: key2 falling

  Data Path: XLXI_2/tempcounter_0 to XLXI_2/tempcounter_0
                                Gate     Net
    Cell:in->out      fanout   Delay   Delay  Logical Name (Net Name)
    ----------------------------------------  ------------
     FDC:C->Q              7   0.525   0.909  XLXI_2/tempcounter_0 (XLXI_2/tempcounter_0)
     INV:I->O              1   0.255   0.681  XLXI_2/Mcount_tempcounter_xor<0>11_INV_0 (Result<0>)
     FDC:D                     0.074          XLXI_2/tempcounter_0
    ----------------------------------------
    Total                      2.444ns (0.854ns logic, 1.590ns route)
                                       (34.9% logic, 65.1% route)

=========================================================================
Timing constraint: Default period analysis for Clock 'key1'
  Clock period: 2.542ns (frequency: 393.391MHz)
  Total number of paths / destination ports: 3 / 2
-------------------------------------------------------------------------
Delay:               2.542ns (Levels of Logic = 1)
  Source:            XLXI_1/tempcounter_0 (FF)
  Destination:       XLXI_1/tempcounter_0 (FF)
  Source Clock:      key1 falling
  Destination Clock: key1 falling

  Data Path: XLXI_1/tempcounter_0 to XLXI_1/tempcounter_0
                                Gate     Net
    Cell:in->out      fanout   Delay   Delay  Logical Name (Net Name)
    ----------------------------------------  ------------
     FDC:C->Q             10   0.525   1.007  XLXI_1/tempcounter_0 (XLXI_1/tempcounter_0)
     INV:I->O              1   0.255   0.681  XLXI_1/Mcount_tempcounter_xor<0>11_INV_0 (Result<0>1)
     FDC:D                     0.074          XLXI_1/tempcounter_0
    ----------------------------------------
    Total                      2.542ns (0.854ns logic, 1.688ns route)
                                       (33.6% logic, 66.4% route)

=========================================================================
Timing constraint: Default period analysis for Clock 'sys_clk'
  Clock period: 4.157ns (frequency: 240.573MHz)
  Total number of paths / destination ports: 430 / 98
-------------------------------------------------------------------------
Delay:               4.157ns (Levels of Logic = 10)
  Source:            XLXI_4/freq_cnt_6 (FF)
  Destination:       XLXI_4/freq_cnt_7 (FF)
  Source Clock:      sys_clk rising
  Destination Clock: sys_clk rising

  Data Path: XLXI_4/freq_cnt_6 to XLXI_4/freq_cnt_7
                                Gate     Net
    Cell:in->out      fanout   Delay   Delay  Logical Name (Net Name)
    ----------------------------------------  ------------
     FDC:C->Q              3   0.525   1.196  XLXI_4/freq_cnt_6 (XLXI_4/freq_cnt_6)
     LUT5:I0->O            4   0.254   0.804  XLXI_4/freq_cnt[7]_freq_adj[7]_equal_4_o8_SW0 (N6)
     LUT6:I5->O            1   0.254   0.681  XLXI_4/freq_cnt[7]_freq_adj[7]_equal_4_o_inv1 (XLXI_4/freq_cnt[7]_freq_adj[7]_equal_4_o_inv)
     MUXCY:CI->O           1   0.023   0.000  XLXI_4/Mcount_freq_cnt_cy<0> (XLXI_4/Mcount_freq_cnt_cy<0>)
     MUXCY:CI->O           1   0.023   0.000  XLXI_4/Mcount_freq_cnt_cy<1> (XLXI_4/Mcount_freq_cnt_cy<1>)
     MUXCY:CI->O           1   0.023   0.000  XLXI_4/Mcount_freq_cnt_cy<2> (XLXI_4/Mcount_freq_cnt_cy<2>)
     MUXCY:CI->O           1   0.023   0.000  XLXI_4/Mcount_freq_cnt_cy<3> (XLXI_4/Mcount_freq_cnt_cy<3>)
     MUXCY:CI->O           1   0.023   0.000  XLXI_4/Mcount_freq_cnt_cy<4> (XLXI_4/Mcount_freq_cnt_cy<4>)
     MUXCY:CI->O           1   0.023   0.000  XLXI_4/Mcount_freq_cnt_cy<5> (XLXI_4/Mcount_freq_cnt_cy<5>)
     MUXCY:CI->O           0   0.023   0.000  XLXI_4/Mcount_freq_cnt_cy<6> (XLXI_4/Mcount_freq_cnt_cy<6>)
     XORCY:CI->O           1   0.206   0.000  XLXI_4/Mcount_freq_cnt_xor<7> (XLXI_4/Mcount_freq_cnt7)
     FDC:D                     0.074          XLXI_4/freq_cnt_7
    ----------------------------------------
    Total                      4.157ns (1.476ns logic, 2.681ns route)
                                       (35.5% logic, 64.5% route)

=========================================================================
Timing constraint: Default OFFSET IN BEFORE for Clock 'key2'
  Total number of paths / destination ports: 2 / 2
-------------------------------------------------------------------------
Offset:              4.100ns (Levels of Logic = 2)
  Source:            sys_rst_n (PAD)
  Destination:       XLXI_2/tempcounter_0 (FF)
  Destination Clock: key2 falling

  Data Path: sys_rst_n to XLXI_2/tempcounter_0
                                Gate     Net
    Cell:in->out      fanout   Delay   Delay  Logical Name (Net Name)
    ----------------------------------------  ------------
     IBUF:I->O             2   1.328   0.725  sys_rst_n_IBUF (sys_rst_n_IBUF)
     INV:I->O             22   0.255   1.333  sys_rst_n_inv1_INV_0 (XLXI_3/rst_n_inv)
     FDC:CLR                   0.459          XLXI_2/tempcounter_0
    ----------------------------------------
    Total                      4.100ns (2.042ns logic, 2.058ns route)
                                       (49.8% logic, 50.2% route)

=========================================================================
Timing constraint: Default OFFSET IN BEFORE for Clock 'key1'
  Total number of paths / destination ports: 2 / 2
-------------------------------------------------------------------------
Offset:              4.100ns (Levels of Logic = 2)
  Source:            sys_rst_n (PAD)
  Destination:       XLXI_1/tempcounter_0 (FF)
  Destination Clock: key1 falling

  Data Path: sys_rst_n to XLXI_1/tempcounter_0
                                Gate     Net
    Cell:in->out      fanout   Delay   Delay  Logical Name (Net Name)
    ----------------------------------------  ------------
     IBUF:I->O             2   1.328   0.725  sys_rst_n_IBUF (sys_rst_n_IBUF)
     INV:I->O             22   0.255   1.333  sys_rst_n_inv1_INV_0 (XLXI_3/rst_n_inv)
     FDC:CLR                   0.459          XLXI_1/tempcounter_0
    ----------------------------------------
    Total                      4.100ns (2.042ns logic, 2.058ns route)
                                       (49.8% logic, 50.2% route)

=========================================================================
Timing constraint: Default OFFSET IN BEFORE for Clock 'sys_clk'
  Total number of paths / destination ports: 34 / 34
-------------------------------------------------------------------------
Offset:              4.100ns (Levels of Logic = 2)
  Source:            sys_rst_n (PAD)
  Destination:       XLXI_4/freq_cnt_0 (FF)
  Destination Clock: sys_clk rising

  Data Path: sys_rst_n to XLXI_4/freq_cnt_0
                                Gate     Net
    Cell:in->out      fanout   Delay   Delay  Logical Name (Net Name)
    ----------------------------------------  ------------
     IBUF:I->O             2   1.328   0.725  sys_rst_n_IBUF (sys_rst_n_IBUF)
     INV:I->O             22   0.255   1.333  sys_rst_n_inv1_INV_0 (XLXI_3/rst_n_inv)
     FDC:CLR                   0.459          XLXI_3/counter_0
    ----------------------------------------
    Total                      4.100ns (2.042ns logic, 2.058ns route)
                                       (49.8% logic, 50.2% route)

=========================================================================
Timing constraint: Default OFFSET OUT AFTER for Clock 'sys_clk'
  Total number of paths / destination ports: 41 / 17
-------------------------------------------------------------------------
Offset:              6.905ns (Levels of Logic = 3)
  Source:            XLXI_6/U0/xst_blk_mem_generator/gnativebmg.native_blk_mem_gen/valid.cstr/ramloop[0].ram.r/s6_init.ram/SP.WIDE_PRIM9.ram (RAM)
  Destination:       da_data<7> (PAD)
  Source Clock:      sys_clk rising

  Data Path: XLXI_6/U0/xst_blk_mem_generator/gnativebmg.native_blk_mem_gen/valid.cstr/ramloop[0].ram.r/s6_init.ram/SP.WIDE_PRIM9.ram to da_data<7>
                                Gate     Net
    Cell:in->out      fanout   Delay   Delay  Logical Name (Net Name)
    ----------------------------------------  ------------
     RAMB8BWER:CLKBRDCLK->DOBDO9    1   2.100   0.958  U0/xst_blk_mem_generator/gnativebmg.native_blk_mem_gen/valid.cstr/ramloop[0].ram.r/s6_init.ram/SP.WIDE_PRIM9.ram (douta<7>)
     end scope: 'XLXI_6:douta<7>'
     LUT6:I2->O            1   0.254   0.681  XLXI_4/Mmux_da_data81 (da_data_7_OBUF)
     OBUF:I->O                 2.912          da_data_7_OBUF (da_data<7>)
    ----------------------------------------
    Total                      6.905ns (5.266ns logic, 1.639ns route)
                                       (76.3% logic, 23.7% route)

=========================================================================
Timing constraint: Default OFFSET OUT AFTER for Clock 'key1'
  Total number of paths / destination ports: 16 / 8
-------------------------------------------------------------------------
Offset:              5.835ns (Levels of Logic = 2)
  Source:            XLXI_1/tempcounter_0 (FF)
  Destination:       da_data<7> (PAD)
  Source Clock:      key1 falling

  Data Path: XLXI_1/tempcounter_0 to da_data<7>
                                Gate     Net
    Cell:in->out      fanout   Delay   Delay  Logical Name (Net Name)
    ----------------------------------------  ------------
     FDC:C->Q             10   0.525   1.463  XLXI_1/tempcounter_0 (XLXI_1/tempcounter_0)
     LUT6:I0->O            1   0.254   0.681  XLXI_4/Mmux_da_data11 (da_data_0_OBUF)
     OBUF:I->O                 2.912          da_data_0_OBUF (da_data<0>)
    ----------------------------------------
    Total                      5.835ns (3.691ns logic, 2.144ns route)
                                       (63.3% logic, 36.7% route)

=========================================================================
Timing constraint: Default path analysis
  Total number of paths / destination ports: 1 / 1
-------------------------------------------------------------------------
Delay:               6.384ns (Levels of Logic = 3)
  Source:            sys_clk (PAD)
  Destination:       da_clk (PAD)

  Data Path: sys_clk to da_clk
                                Gate     Net
    Cell:in->out      fanout   Delay   Delay  Logical Name (Net Name)
    ----------------------------------------  ------------
     IBUFG:I->O           17   1.328   1.208  XLXI_13 (XLXN_23)
     INV:I->O              1   0.255   0.681  XLXI_4/da_clk1_INV_0 (da_clk_OBUF)
     OBUF:I->O                 2.912          da_clk_OBUF (da_clk)
    ----------------------------------------
    Total                      6.384ns (4.495ns logic, 1.889ns route)
                                       (70.4% logic, 29.6% route)

=========================================================================

Cross Clock Domains Report:
--------------------------

Clock to Setup on destination clock key1
---------------+---------+---------+---------+---------+
               | Src:Rise| Src:Fall| Src:Rise| Src:Fall|
Source Clock   |Dest:Rise|Dest:Rise|Dest:Fall|Dest:Fall|
---------------+---------+---------+---------+---------+
key1           |         |         |    2.542|         |
---------------+---------+---------+---------+---------+

Clock to Setup on destination clock key2
---------------+---------+---------+---------+---------+
               | Src:Rise| Src:Fall| Src:Rise| Src:Fall|
Source Clock   |Dest:Rise|Dest:Rise|Dest:Fall|Dest:Fall|
---------------+---------+---------+---------+---------+
key2           |         |         |    2.444|         |
---------------+---------+---------+---------+---------+

Clock to Setup on destination clock sys_clk
---------------+---------+---------+---------+---------+
               | Src:Rise| Src:Fall| Src:Rise| Src:Fall|
Source Clock   |Dest:Rise|Dest:Rise|Dest:Fall|Dest:Fall|
---------------+---------+---------+---------+---------+
key2           |         |    3.495|         |         |
sys_clk        |    4.157|         |         |         |
---------------+---------+---------+---------+---------+

=========================================================================


Total REAL time to Xst completion: 3.00 secs
Total CPU time to Xst completion: 2.62 secs
 
--> 

Total memory usage is 260012 kilobytes

Number of errors   :    0 (   0 filtered)
Number of warnings :    9 (   0 filtered)
Number of infos    :    0 (   0 filtered)

