Release 14.7 - xst P.20131013 (nt64)
Copyright (c) 1995-2013 Xilinx, Inc.  All rights reserved.
--> Parameter TMPDIR set to xst/projnav.tmp


Total REAL time to Xst completion: 0.00 secs
Total CPU time to Xst completion: 0.03 secs
 
--> Parameter xsthdpdir set to xst


Total REAL time to Xst completion: 0.00 secs
Total CPU time to Xst completion: 0.03 secs
 
--> Reading design: ad_wave_rec.prj

TABLE OF CONTENTS
  1) Synthesis Options Summary
  2) HDL Parsing
  3) HDL Elaboration
  4) HDL Synthesis
       4.1) HDL Synthesis Report
  5) Advanced HDL Synthesis
       5.1) Advanced HDL Synthesis Report
  6) Low Level Synthesis
  7) Partition Report
  8) Design Summary
       8.1) Primitive and Black Box Usage
       8.2) Device utilization summary
       8.3) Partition Resource Summary
       8.4) Timing Report
            8.4.1) Clock Information
            8.4.2) Asynchronous Control Signals Information
            8.4.3) Timing Summary
            8.4.4) Timing Details
            8.4.5) Cross Clock Domains Report


=========================================================================
*                      Synthesis Options Summary                        *
=========================================================================
---- Source Parameters
Input File Name                    : "ad_wave_rec.prj"
Ignore Synthesis Constraint File   : NO

---- Target Parameters
Output File Name                   : "ad_wave_rec"
Output Format                      : NGC
Target Device                      : xc6slx16-2-ftg256

---- Source Options
Top Module Name                    : ad_wave_rec
Automatic FSM Extraction           : YES
FSM Encoding Algorithm             : Auto
Safe Implementation                : No
FSM Style                          : LUT
RAM Extraction                     : Yes
RAM Style                          : Auto
ROM Extraction                     : Yes
Shift Register Extraction          : YES
ROM Style                          : Auto
Resource Sharing                   : YES
Asynchronous To Synchronous        : NO
Shift Register Minimum Size        : 2
Use DSP Block                      : Auto
Automatic Register Balancing       : No

---- Target Options
LUT Combining                      : Auto
Reduce Control Sets                : Auto
Add IO Buffers                     : YES
Global Maximum Fanout              : 100000
Add Generic Clock Buffer(BUFG)     : 16
Register Duplication               : YES
Optimize Instantiated Primitives   : NO
Use Clock Enable                   : Auto
Use Synchronous Set                : Auto
Use Synchronous Reset              : Auto
Pack IO Registers into IOBs        : Auto
Equivalent register Removal        : YES

---- General Options
Optimization Goal                  : Speed
Optimization Effort                : 1
Power Reduction                    : NO
Keep Hierarchy                     : No
Netlist Hierarchy                  : As_Optimized
RTL Output                         : Yes
Global Optimization                : AllClockNets
Read Cores                         : YES
Write Timing Constraints           : NO
Cross Clock Analysis               : NO
Hierarchy Separator                : /
Bus Delimiter                      : <>
Case Specifier                     : Maintain
Slice Utilization Ratio            : 100
BRAM Utilization Ratio             : 100
DSP48 Utilization Ratio            : 100
Auto BRAM Packing                  : NO
Slice Utilization Ratio Delta      : 5

---- Other Options
Cores Search Directories           : {"ipcore_dir"  }

=========================================================================


=========================================================================
*                          HDL Parsing                                  *
=========================================================================
Parsing VHDL file "C:\IES111\dac\ad_wave_rec.vhd" into library work
Parsing entity <ad_wave_rec>.
Parsing architecture <trans> of entity <ad_wave_rec>.

=========================================================================
*                            HDL Elaboration                            *
=========================================================================

Elaborating entity <ad_wave_rec> (architecture <trans>) from library <work>.

=========================================================================
*                           HDL Synthesis                               *
=========================================================================

Synthesizing Unit <ad_wave_rec>.
    Related source file is "C:\IES111\dac\ad_wave_rec.vhd".
    Found 1-bit register for signal <ad_clk>.
    Found 1-bit register for signal <counter>.
    Found 8-bit register for signal <ad_out>.
    Found 1-bit adder for signal <counter[0]_PWR_3_o_add_1_OUT<0>> created at line 33.
    Summary:
	inferred   1 Adder/Subtractor(s).
	inferred  10 D-type flip-flop(s).
	inferred   1 Multiplexer(s).
Unit <ad_wave_rec> synthesized.

=========================================================================
HDL Synthesis Report

Macro Statistics
# Adders/Subtractors                                   : 1
 1-bit adder                                           : 1
# Registers                                            : 3
 1-bit register                                        : 2
 8-bit register                                        : 1
# Multiplexers                                         : 1
 1-bit 2-to-1 multiplexer                              : 1

=========================================================================

=========================================================================
*                       Advanced HDL Synthesis                          *
=========================================================================


=========================================================================
Advanced HDL Synthesis Report

Macro Statistics
# Adders/Subtractors                                   : 1
 1-bit adder                                           : 1
# Registers                                            : 10
 Flip-Flops                                            : 10

=========================================================================

=========================================================================
*                         Low Level Synthesis                           *
=========================================================================

Optimizing unit <ad_wave_rec> ...

Mapping all equations...
Building and optimizing final netlist ...
Found area constraint ratio of 100 (+ 5) on block ad_wave_rec, actual ratio is 0.

Final Macro Processing ...

=========================================================================
Final Register Report

Macro Statistics
# Registers                                            : 10
 Flip-Flops                                            : 10

=========================================================================

=========================================================================
*                           Partition Report                            *
=========================================================================

Partition Implementation Status
-------------------------------

  No Partitions were found in this design.

-------------------------------

=========================================================================
*                            Design Summary                             *
=========================================================================

Top Level Output File Name         : ad_wave_rec.ngc

Primitive and Black Box Usage:
------------------------------
# BELS                             : 11
#      INV                         : 2
#      LUT2                        : 1
#      LUT3                        : 8
# FlipFlops/Latches                : 10
#      FDC                         : 2
#      FDE                         : 8
# Clock Buffers                    : 1
#      BUFGP                       : 1
# IO Buffers                       : 18
#      IBUF                        : 9
#      OBUF                        : 9

Device utilization summary:
---------------------------

Selected Device : 6slx16ftg256-2 


Slice Logic Utilization: 
 Number of Slice Registers:              10  out of  18224     0%  
 Number of Slice LUTs:                   11  out of   9112     0%  
    Number used as Logic:                11  out of   9112     0%  

Slice Logic Distribution: 
 Number of LUT Flip Flop pairs used:     11
   Number with an unused Flip Flop:       1  out of     11     9%  
   Number with an unused LUT:             0  out of     11     0%  
   Number of fully used LUT-FF pairs:    10  out of     11    90%  
   Number of unique control sets:         2

IO Utilization: 
 Number of IOs:                          19
 Number of bonded IOBs:                  19  out of    186    10%  

Specific Feature Utilization:
 Number of BUFG/BUFGCTRLs:                1  out of     16     6%  

---------------------------
Partition Resource Summary:
---------------------------

  No Partitions were found in this design.

---------------------------


=========================================================================
Timing Report

NOTE: THESE TIMING NUMBERS ARE ONLY A SYNTHESIS ESTIMATE.
      FOR ACCURATE TIMING INFORMATION PLEASE REFER TO THE TRACE REPORT
      GENERATED AFTER PLACE-and-ROUTE.

Clock Information:
------------------
-----------------------------------+------------------------+-------+
Clock Signal                       | Clock buffer(FF name)  | Load  |
-----------------------------------+------------------------+-------+
clk                                | BUFGP                  | 10    |
-----------------------------------+------------------------+-------+

Asynchronous Control Signals Information:
----------------------------------------
No asynchronous control signals found in this design

Timing Summary:
---------------
Speed Grade: -2

   Minimum period: 2.542ns (Maximum Frequency: 393.391MHz)
   Minimum input arrival time before clock: 3.742ns
   Maximum output required time after clock: 4.162ns
   Maximum combinational path delay: No path found

Timing Details:
---------------
All values displayed in nanoseconds (ns)

=========================================================================
Timing constraint: Default period analysis for Clock 'clk'
  Clock period: 2.542ns (frequency: 393.391MHz)
  Total number of paths / destination ports: 19 / 18
-------------------------------------------------------------------------
Delay:               2.542ns (Levels of Logic = 1)
  Source:            counter_0 (FF)
  Destination:       counter_0 (FF)
  Source Clock:      clk rising
  Destination Clock: clk rising

  Data Path: counter_0 to counter_0
                                Gate     Net
    Cell:in->out      fanout   Delay   Delay  Logical Name (Net Name)
    ----------------------------------------  ------------
     FDC:C->Q             10   0.525   1.007  counter_0 (counter_0)
     INV:I->O              1   0.255   0.681  Mmux_counter[0]_GND_3_o_MUX_1_o11_INV_0 (counter[0]_GND_3_o_MUX_1_o)
     FDC:D                     0.074          counter_0
    ----------------------------------------
    Total                      2.542ns (0.854ns logic, 1.688ns route)
                                       (33.6% logic, 66.4% route)

=========================================================================
Timing constraint: Default OFFSET IN BEFORE for Clock 'clk'
  Total number of paths / destination ports: 18 / 10
-------------------------------------------------------------------------
Offset:              3.742ns (Levels of Logic = 2)
  Source:            rst_n (PAD)
  Destination:       counter_0 (FF)
  Destination Clock: clk rising

  Data Path: rst_n to counter_0
                                Gate     Net
    Cell:in->out      fanout   Delay   Delay  Logical Name (Net Name)
    ----------------------------------------  ------------
     IBUF:I->O             9   1.328   0.975  rst_n_IBUF (rst_n_IBUF)
     INV:I->O              2   0.255   0.725  rst_n_inv1_INV_0 (rst_n_inv)
     FDC:CLR                   0.459          counter_0
    ----------------------------------------
    Total                      3.742ns (2.042ns logic, 1.700ns route)
                                       (54.6% logic, 45.4% route)

=========================================================================
Timing constraint: Default OFFSET OUT AFTER for Clock 'clk'
  Total number of paths / destination ports: 9 / 9
-------------------------------------------------------------------------
Offset:              4.162ns (Levels of Logic = 1)
  Source:            ad_out_7 (FF)
  Destination:       ad_out<7> (PAD)
  Source Clock:      clk rising

  Data Path: ad_out_7 to ad_out<7>
                                Gate     Net
    Cell:in->out      fanout   Delay   Delay  Logical Name (Net Name)
    ----------------------------------------  ------------
     FDE:C->Q              2   0.525   0.725  ad_out_7 (ad_out_7)
     OBUF:I->O                 2.912          ad_out_7_OBUF (ad_out<7>)
    ----------------------------------------
    Total                      4.162ns (3.437ns logic, 0.725ns route)
                                       (82.6% logic, 17.4% route)

=========================================================================

Cross Clock Domains Report:
--------------------------

Clock to Setup on destination clock clk
---------------+---------+---------+---------+---------+
               | Src:Rise| Src:Fall| Src:Rise| Src:Fall|
Source Clock   |Dest:Rise|Dest:Rise|Dest:Fall|Dest:Fall|
---------------+---------+---------+---------+---------+
clk            |    2.542|         |         |         |
---------------+---------+---------+---------+---------+

=========================================================================


Total REAL time to Xst completion: 2.00 secs
Total CPU time to Xst completion: 2.08 secs
 
--> 

Total memory usage is 258412 kilobytes

Number of errors   :    0 (   0 filtered)
Number of warnings :    0 (   0 filtered)
Number of infos    :    0 (   0 filtered)

