Release 14.7 - xst P.20131013 (nt64)
Copyright (c) 1995-2013 Xilinx, Inc.  All rights reserved.
--> Parameter TMPDIR set to xst/projnav.tmp


Total REAL time to Xst completion: 0.00 secs
Total CPU time to Xst completion: 0.03 secs
 
--> Parameter xsthdpdir set to xst


Total REAL time to Xst completion: 0.00 secs
Total CPU time to Xst completion: 0.03 secs
 
--> Reading design: da_wave_send.prj

TABLE OF CONTENTS
  1) Synthesis Options Summary
  2) HDL Parsing
  3) HDL Elaboration
  4) HDL Synthesis
       4.1) HDL Synthesis Report
  5) Advanced HDL Synthesis
       5.1) Advanced HDL Synthesis Report
  6) Low Level Synthesis
  7) Partition Report
  8) Design Summary
       8.1) Primitive and Black Box Usage
       8.2) Device utilization summary
       8.3) Partition Resource Summary
       8.4) Timing Report
            8.4.1) Clock Information
            8.4.2) Asynchronous Control Signals Information
            8.4.3) Timing Summary
            8.4.4) Timing Details
            8.4.5) Cross Clock Domains Report


=========================================================================
*                      Synthesis Options Summary                        *
=========================================================================
---- Source Parameters
Input File Name                    : "da_wave_send.prj"
Ignore Synthesis Constraint File   : NO

---- Target Parameters
Output File Name                   : "da_wave_send"
Output Format                      : NGC
Target Device                      : xc6slx16-2-ftg256

---- Source Options
Top Module Name                    : da_wave_send
Automatic FSM Extraction           : YES
FSM Encoding Algorithm             : Auto
Safe Implementation                : No
FSM Style                          : LUT
RAM Extraction                     : Yes
RAM Style                          : Auto
ROM Extraction                     : Yes
Shift Register Extraction          : YES
ROM Style                          : Auto
Resource Sharing                   : YES
Asynchronous To Synchronous        : NO
Shift Register Minimum Size        : 2
Use DSP Block                      : Auto
Automatic Register Balancing       : No

---- Target Options
LUT Combining                      : Auto
Reduce Control Sets                : Auto
Add IO Buffers                     : YES
Global Maximum Fanout              : 100000
Add Generic Clock Buffer(BUFG)     : 16
Register Duplication               : YES
Optimize Instantiated Primitives   : NO
Use Clock Enable                   : Auto
Use Synchronous Set                : Auto
Use Synchronous Reset              : Auto
Pack IO Registers into IOBs        : Auto
Equivalent register Removal        : YES

---- General Options
Optimization Goal                  : Speed
Optimization Effort                : 1
Power Reduction                    : NO
Keep Hierarchy                     : No
Netlist Hierarchy                  : As_Optimized
RTL Output                         : Yes
Global Optimization                : AllClockNets
Read Cores                         : YES
Write Timing Constraints           : NO
Cross Clock Analysis               : NO
Hierarchy Separator                : /
Bus Delimiter                      : <>
Case Specifier                     : Maintain
Slice Utilization Ratio            : 100
BRAM Utilization Ratio             : 100
DSP48 Utilization Ratio            : 100
Auto BRAM Packing                  : NO
Slice Utilization Ratio Delta      : 5

---- Other Options
Cores Search Directories           : {"ipcore_dir"  }

=========================================================================


=========================================================================
*                          HDL Parsing                                  *
=========================================================================
Parsing VHDL file "C:\IES111\dac\da_wave_send.vhd" into library work
Parsing entity <da_wave_send>.
Parsing architecture <trans> of entity <da_wave_send>.

=========================================================================
*                            HDL Elaboration                            *
=========================================================================

Elaborating entity <da_wave_send> (architecture <trans>) from library <work>.
WARNING:HDLCompiler:92 - "C:\IES111\dac\da_wave_send.vhd" Line 34: rd_data should be on the sensitivity list of the process
WARNING:HDLCompiler:92 - "C:\IES111\dac\da_wave_send.vhd" Line 36: rd_data2 should be on the sensitivity list of the process
WARNING:HDLCompiler:92 - "C:\IES111\dac\da_wave_send.vhd" Line 38: rd_data3 should be on the sensitivity list of the process
WARNING:HDLCompiler:92 - "C:\IES111\dac\da_wave_send.vhd" Line 40: rd_data4 should be on the sensitivity list of the process
INFO:HDLCompiler:679 - "C:\IES111\dac\da_wave_send.vhd" Line 41. Case statement is complete. others clause is never selected

=========================================================================
*                           HDL Synthesis                               *
=========================================================================

Synthesizing Unit <da_wave_send>.
    Related source file is "C:\IES111\dac\da_wave_send.vhd".
    Found 8-bit register for signal <rd_addr>.
    Found 8-bit register for signal <freq_cnt>.
    Found 8-bit adder for signal <freq_adj> created at line 29.
    Found 8-bit adder for signal <rd_addr_xhdl0[7]_GND_5_o_add_4_OUT> created at line 54.
    Found 8-bit adder for signal <freq_cnt[7]_GND_5_o_add_5_OUT> created at line 56.
    Found 8-bit 4-to-1 multiplexer for signal <da_data> created at line 32.
    Found 8-bit comparator equal for signal <freq_cnt[7]_freq_adj[7]_equal_4_o> created at line 52
    Summary:
	inferred   3 Adder/Subtractor(s).
	inferred  16 D-type flip-flop(s).
	inferred   1 Comparator(s).
	inferred   2 Multiplexer(s).
Unit <da_wave_send> synthesized.

=========================================================================
HDL Synthesis Report

Macro Statistics
# Adders/Subtractors                                   : 3
 8-bit adder                                           : 3
# Registers                                            : 2
 8-bit register                                        : 2
# Comparators                                          : 1
 8-bit comparator equal                                : 1
# Multiplexers                                         : 2
 8-bit 2-to-1 multiplexer                              : 1
 8-bit 4-to-1 multiplexer                              : 1

=========================================================================

=========================================================================
*                       Advanced HDL Synthesis                          *
=========================================================================


Synthesizing (advanced) Unit <da_wave_send>.
The following registers are absorbed into counter <freq_cnt>: 1 register on signal <freq_cnt>.
The following registers are absorbed into counter <rd_addr_xhdl0>: 1 register on signal <rd_addr_xhdl0>.
Unit <da_wave_send> synthesized (advanced).

=========================================================================
Advanced HDL Synthesis Report

Macro Statistics
# Adders/Subtractors                                   : 1
 8-bit adder                                           : 1
# Counters                                             : 2
 8-bit up counter                                      : 2
# Comparators                                          : 1
 8-bit comparator equal                                : 1
# Multiplexers                                         : 1
 8-bit 4-to-1 multiplexer                              : 1

=========================================================================

=========================================================================
*                         Low Level Synthesis                           *
=========================================================================

Optimizing unit <da_wave_send> ...

Mapping all equations...
Building and optimizing final netlist ...
Found area constraint ratio of 100 (+ 5) on block da_wave_send, actual ratio is 0.

Final Macro Processing ...

=========================================================================
Final Register Report

Macro Statistics
# Registers                                            : 16
 Flip-Flops                                            : 16

=========================================================================

=========================================================================
*                           Partition Report                            *
=========================================================================

Partition Implementation Status
-------------------------------

  No Partitions were found in this design.

-------------------------------

=========================================================================
*                            Design Summary                             *
=========================================================================

Top Level Output File Name         : da_wave_send.ngc

Primitive and Black Box Usage:
------------------------------
# BELS                             : 70
#      GND                         : 1
#      INV                         : 3
#      LUT1                        : 12
#      LUT3                        : 8
#      LUT5                        : 3
#      LUT6                        : 12
#      MUXCY                       : 14
#      VCC                         : 1
#      XORCY                       : 16
# FlipFlops/Latches                : 16
#      FDC                         : 8
#      FDCE                        : 8
# Clock Buffers                    : 1
#      BUFG                        : 1
# IO Buffers                       : 55
#      IBUF                        : 38
#      OBUF                        : 17

Device utilization summary:
---------------------------

Selected Device : 6slx16ftg256-2 


Slice Logic Utilization: 
 Number of Slice Registers:              16  out of  18224     0%  
 Number of Slice LUTs:                   38  out of   9112     0%  
    Number used as Logic:                38  out of   9112     0%  

Slice Logic Distribution: 
 Number of LUT Flip Flop pairs used:     38
   Number with an unused Flip Flop:      22  out of     38    57%  
   Number with an unused LUT:             0  out of     38     0%  
   Number of fully used LUT-FF pairs:    16  out of     38    42%  
   Number of unique control sets:         2

IO Utilization: 
 Number of IOs:                          55
 Number of bonded IOBs:                  55  out of    186    29%  

Specific Feature Utilization:
 Number of BUFG/BUFGCTRLs:                1  out of     16     6%  

---------------------------
Partition Resource Summary:
---------------------------

  No Partitions were found in this design.

---------------------------


=========================================================================
Timing Report

NOTE: THESE TIMING NUMBERS ARE ONLY A SYNTHESIS ESTIMATE.
      FOR ACCURATE TIMING INFORMATION PLEASE REFER TO THE TRACE REPORT
      GENERATED AFTER PLACE-and-ROUTE.

Clock Information:
------------------
-----------------------------------+------------------------+-------+
Clock Signal                       | Clock buffer(FF name)  | Load  |
-----------------------------------+------------------------+-------+
clk                                | IBUF+BUFG              | 16    |
-----------------------------------+------------------------+-------+

Asynchronous Control Signals Information:
----------------------------------------
No asynchronous control signals found in this design

Timing Summary:
---------------
Speed Grade: -2

   Minimum period: 4.157ns (Maximum Frequency: 240.573MHz)
   Minimum input arrival time before clock: 4.125ns
   Maximum output required time after clock: 4.202ns
   Maximum combinational path delay: 6.574ns

Timing Details:
---------------
All values displayed in nanoseconds (ns)

=========================================================================
Timing constraint: Default period analysis for Clock 'clk'
  Clock period: 4.157ns (frequency: 240.573MHz)
  Total number of paths / destination ports: 355 / 24
-------------------------------------------------------------------------
Delay:               4.157ns (Levels of Logic = 10)
  Source:            freq_cnt_6 (FF)
  Destination:       freq_cnt_7 (FF)
  Source Clock:      clk rising
  Destination Clock: clk rising

  Data Path: freq_cnt_6 to freq_cnt_7
                                Gate     Net
    Cell:in->out      fanout   Delay   Delay  Logical Name (Net Name)
    ----------------------------------------  ------------
     FDC:C->Q              3   0.525   1.196  freq_cnt_6 (freq_cnt_6)
     LUT5:I0->O            4   0.254   0.804  freq_cnt[7]_freq_adj[7]_equal_4_o8_SW0 (N4)
     LUT6:I5->O            1   0.254   0.681  freq_cnt[7]_freq_adj[7]_equal_4_o_inv1 (freq_cnt[7]_freq_adj[7]_equal_4_o_inv)
     MUXCY:CI->O           1   0.023   0.000  Mcount_freq_cnt_cy<0> (Mcount_freq_cnt_cy<0>)
     MUXCY:CI->O           1   0.023   0.000  Mcount_freq_cnt_cy<1> (Mcount_freq_cnt_cy<1>)
     MUXCY:CI->O           1   0.023   0.000  Mcount_freq_cnt_cy<2> (Mcount_freq_cnt_cy<2>)
     MUXCY:CI->O           1   0.023   0.000  Mcount_freq_cnt_cy<3> (Mcount_freq_cnt_cy<3>)
     MUXCY:CI->O           1   0.023   0.000  Mcount_freq_cnt_cy<4> (Mcount_freq_cnt_cy<4>)
     MUXCY:CI->O           1   0.023   0.000  Mcount_freq_cnt_cy<5> (Mcount_freq_cnt_cy<5>)
     MUXCY:CI->O           0   0.023   0.000  Mcount_freq_cnt_cy<6> (Mcount_freq_cnt_cy<6>)
     XORCY:CI->O           1   0.206   0.000  Mcount_freq_cnt_xor<7> (Mcount_freq_cnt7)
     FDC:D                     0.074          freq_cnt_7
    ----------------------------------------
    Total                      4.157ns (1.476ns logic, 2.681ns route)
                                       (35.5% logic, 64.5% route)

=========================================================================
Timing constraint: Default OFFSET IN BEFORE for Clock 'clk'
  Total number of paths / destination ports: 90 / 32
-------------------------------------------------------------------------
Offset:              4.125ns (Levels of Logic = 3)
  Source:            in2<0> (PAD)
  Destination:       rd_addr_xhdl0_0 (FF)
  Destination Clock: clk rising

  Data Path: in2<0> to rd_addr_xhdl0_0
                                Gate     Net
    Cell:in->out      fanout   Delay   Delay  Logical Name (Net Name)
    ----------------------------------------  ------------
     IBUF:I->O             5   1.328   1.271  in2_0_IBUF (Madd_freq_adj_cy<0>)
     LUT5:I0->O            8   0.254   0.944  freq_cnt[7]_freq_adj[7]_equal_4_o8_rstpot (freq_cnt[7]_freq_adj[7]_equal_4_o8_rstpot)
     LUT3:I2->O            1   0.254   0.000  rd_addr_xhdl0_0_dpot (rd_addr_xhdl0_0_dpot)
     FDCE:D                    0.074          rd_addr_xhdl0_0
    ----------------------------------------
    Total                      4.125ns (1.910ns logic, 2.215ns route)
                                       (46.3% logic, 53.7% route)

=========================================================================
Timing constraint: Default OFFSET OUT AFTER for Clock 'clk'
  Total number of paths / destination ports: 8 / 8
-------------------------------------------------------------------------
Offset:              4.202ns (Levels of Logic = 1)
  Source:            rd_addr_xhdl0_7 (FF)
  Destination:       rd_addr<7> (PAD)
  Source Clock:      clk rising

  Data Path: rd_addr_xhdl0_7 to rd_addr<7>
                                Gate     Net
    Cell:in->out      fanout   Delay   Delay  Logical Name (Net Name)
    ----------------------------------------  ------------
     FDCE:C->Q             3   0.525   0.765  rd_addr_xhdl0_7 (rd_addr_xhdl0_7)
     OBUF:I->O                 2.912          rd_addr_7_OBUF (rd_addr<7>)
    ----------------------------------------
    Total                      4.202ns (3.437ns logic, 0.765ns route)
                                       (81.8% logic, 18.2% route)

=========================================================================
Timing constraint: Default path analysis
  Total number of paths / destination ports: 49 / 9
-------------------------------------------------------------------------
Delay:               6.574ns (Levels of Logic = 3)
  Source:            in1<0> (PAD)
  Destination:       da_data<7> (PAD)

  Data Path: in1<0> to da_data<7>
                                Gate     Net
    Cell:in->out      fanout   Delay   Delay  Logical Name (Net Name)
    ----------------------------------------  ------------
     IBUF:I->O             8   1.328   1.399  in1_0_IBUF (in1_0_IBUF)
     LUT6:I0->O            1   0.254   0.681  Mmux_da_data11 (da_data_0_OBUF)
     OBUF:I->O                 2.912          da_data_0_OBUF (da_data<0>)
    ----------------------------------------
    Total                      6.574ns (4.494ns logic, 2.080ns route)
                                       (68.4% logic, 31.6% route)

=========================================================================

Cross Clock Domains Report:
--------------------------

Clock to Setup on destination clock clk
---------------+---------+---------+---------+---------+
               | Src:Rise| Src:Fall| Src:Rise| Src:Fall|
Source Clock   |Dest:Rise|Dest:Rise|Dest:Fall|Dest:Fall|
---------------+---------+---------+---------+---------+
clk            |    4.157|         |         |         |
---------------+---------+---------+---------+---------+

=========================================================================


Total REAL time to Xst completion: 3.00 secs
Total CPU time to Xst completion: 2.31 secs
 
--> 

Total memory usage is 259244 kilobytes

Number of errors   :    0 (   0 filtered)
Number of warnings :    4 (   0 filtered)
Number of infos    :    0 (   0 filtered)

