--------------------------------------------------------------------------------
Release 14.7 Trace  (nt64)
Copyright (c) 1995-2013 Xilinx, Inc.  All rights reserved.

C:\Xilinx\14.7\ISE_DS\ISE\bin\nt64\unwrapped\trce.exe -intstyle ise -v 3 -s 2
-n 3 -fastpaths -xml hs_da.twx hs_da.ncd -o hs_da.twr hs_da.pcf -ucf
addaucf.ucf

Design file:              hs_da.ncd
Physical constraint file: hs_da.pcf
Device,package,speed:     xc6slx16,ftg256,C,-2 (PRODUCTION 1.23 2013-10-13)
Report level:             verbose report

Environment Variable      Effect 
--------------------      ------ 
NONE                      No environment variables were set
--------------------------------------------------------------------------------

INFO:Timing:2698 - No timing constraints found, doing default enumeration.
INFO:Timing:3412 - To improve timing, see the Timing Closure User Guide (UG612).
INFO:Timing:2752 - To get complete path coverage, use the unconstrained paths 
   option. All paths that are not constrained will be reported in the 
   unconstrained paths section(s) of the report.
INFO:Timing:3339 - The clock-to-out numbers in this timing report are based on 
   a 50 Ohm transmission line loading model.  For the details of this model, 
   and for more information on accounting for different loading conditions, 
   please see the device datasheet.



Data Sheet report:
-----------------
All values displayed in nanoseconds (ns)

Setup/Hold to clock key1
------------+------------+------------+------------+------------+------------------+--------+
            |Max Setup to|  Process   |Max Hold to |  Process   |                  | Clock  |
Source      | clk (edge) |   Corner   | clk (edge) |   Corner   |Internal Clock(s) | Phase  |
------------+------------+------------+------------+------------+------------------+--------+
sys_rst_n   |    0.131(F)|      SLOW  |    0.882(F)|      SLOW  |key1o             |   0.000|
------------+------------+------------+------------+------------+------------------+--------+

Setup/Hold to clock key2
------------+------------+------------+------------+------------+------------------+--------+
            |Max Setup to|  Process   |Max Hold to |  Process   |                  | Clock  |
Source      | clk (edge) |   Corner   | clk (edge) |   Corner   |Internal Clock(s) | Phase  |
------------+------------+------------+------------+------------+------------------+--------+
sys_rst_n   |    0.855(F)|      SLOW  |    0.100(F)|      SLOW  |key2o             |   0.000|
------------+------------+------------+------------+------------+------------------+--------+

Setup/Hold to clock sys_clk
------------+------------+------------+------------+------------+------------------+--------+
            |Max Setup to|  Process   |Max Hold to |  Process   |                  | Clock  |
Source      | clk (edge) |   Corner   | clk (edge) |   Corner   |Internal Clock(s) | Phase  |
------------+------------+------------+------------+------------+------------------+--------+
sys_rst_n   |    1.555(F)|      SLOW  |    0.550(F)|      SLOW  |da_clk_OBUF       |   0.000|
------------+------------+------------+------------+------------+------------------+--------+

Clock key1 to Pad
------------+-----------------+------------+-----------------+------------+------------------+--------+
            |Max (slowest) clk|  Process   |Min (fastest) clk|  Process   |                  | Clock  |
Destination |  (edge) to PAD  |   Corner   |  (edge) to PAD  |   Corner   |Internal Clock(s) | Phase  |
------------+-----------------+------------+-----------------+------------+------------------+--------+
da_data<0>  |        14.369(F)|      SLOW  |         7.112(F)|      FAST  |key1o             |   0.000|
da_data<1>  |        14.364(F)|      SLOW  |         6.870(F)|      FAST  |key1o             |   0.000|
da_data<2>  |        13.946(F)|      SLOW  |         7.028(F)|      FAST  |key1o             |   0.000|
da_data<3>  |        15.352(F)|      SLOW  |         7.848(F)|      FAST  |key1o             |   0.000|
da_data<4>  |        13.731(F)|      SLOW  |         6.726(F)|      FAST  |key1o             |   0.000|
da_data<5>  |        13.980(F)|      SLOW  |         6.912(F)|      FAST  |key1o             |   0.000|
da_data<6>  |        14.707(F)|      SLOW  |         7.319(F)|      FAST  |key1o             |   0.000|
da_data<7>  |        13.929(F)|      SLOW  |         6.937(F)|      FAST  |key1o             |   0.000|
------------+-----------------+------------+-----------------+------------+------------------+--------+

Clock sys_clk to Pad
------------+-----------------+------------+-----------------+------------+------------------+--------+
            |Max (slowest) clk|  Process   |Min (fastest) clk|  Process   |                  | Clock  |
Destination |  (edge) to PAD  |   Corner   |  (edge) to PAD  |   Corner   |Internal Clock(s) | Phase  |
------------+-----------------+------------+-----------------+------------+------------------+--------+
da_data<0>  |        16.859(F)|      SLOW  |         7.570(F)|      FAST  |da_clk_OBUF       |   0.000|
da_data<1>  |        16.168(F)|      SLOW  |         7.442(F)|      FAST  |da_clk_OBUF       |   0.000|
da_data<2>  |        16.178(F)|      SLOW  |         7.417(F)|      FAST  |da_clk_OBUF       |   0.000|
da_data<3>  |        17.469(F)|      SLOW  |         8.000(F)|      FAST  |da_clk_OBUF       |   0.000|
da_data<4>  |        16.176(F)|      SLOW  |         7.752(F)|      FAST  |da_clk_OBUF       |   0.000|
da_data<5>  |        16.419(F)|      SLOW  |         8.145(F)|      FAST  |da_clk_OBUF       |   0.000|
da_data<6>  |        17.594(F)|      SLOW  |         8.505(F)|      FAST  |da_clk_OBUF       |   0.000|
da_data<7>  |        16.301(F)|      SLOW  |         7.908(F)|      FAST  |da_clk_OBUF       |   0.000|
------------+-----------------+------------+-----------------+------------+------------------+--------+

Clock to Setup on destination clock key1
---------------+---------+---------+---------+---------+
               | Src:Rise| Src:Fall| Src:Rise| Src:Fall|
Source Clock   |Dest:Rise|Dest:Rise|Dest:Fall|Dest:Fall|
---------------+---------+---------+---------+---------+
key1           |         |         |         |    1.379|
---------------+---------+---------+---------+---------+

Clock to Setup on destination clock key2
---------------+---------+---------+---------+---------+
               | Src:Rise| Src:Fall| Src:Rise| Src:Fall|
Source Clock   |Dest:Rise|Dest:Rise|Dest:Fall|Dest:Fall|
---------------+---------+---------+---------+---------+
key2           |         |         |         |    1.392|
---------------+---------+---------+---------+---------+

Clock to Setup on destination clock sys_clk
---------------+---------+---------+---------+---------+
               | Src:Rise| Src:Fall| Src:Rise| Src:Fall|
Source Clock   |Dest:Rise|Dest:Rise|Dest:Fall|Dest:Fall|
---------------+---------+---------+---------+---------+
key2           |         |         |         |    4.354|
sys_clk        |         |         |         |    3.815|
---------------+---------+---------+---------+---------+

Pad to Pad
---------------+---------------+---------+
Source Pad     |Destination Pad|  Delay  |
---------------+---------------+---------+
sys_clk        |da_clk         |   12.010|
---------------+---------------+---------+


Analysis completed Sat Nov 16 15:11:28 2024 
--------------------------------------------------------------------------------

Trace Settings:
-------------------------
Trace Settings 

Peak Memory Usage: 218 MB



