INFO:sim:172 - Generating IP...
Resolving generics for 'rom_saw'...
Applying external generics to 'rom_saw'...
Delivering associated files for 'rom_saw'...
Delivering EJava files for 'rom_saw'...
Generating implementation netlist for 'rom_saw'...
INFO:sim - Pre-processing HDL files for 'rom_saw'...
Running synthesis for 'rom_saw'
Running ngcbuild...
Writing VEO instantiation template for 'rom_saw'...
Writing Verilog behavioral simulation model for 'rom_saw'...
WARNING:sim - Overwriting existing file
   C:/IES111/dac/ipcore_dir/tmp/_cg/rom_saw/doc/blk_mem_gen_v7_3_vinfo.html with
   file from view xilinx_documentation
Delivered 1 file into directory C:/IES111/dac/ipcore_dir/tmp/_cg/rom_saw
Generating ASY schematic symbol...
INFO:sim:949 - Finished generation of ASY schematic symbol.
Generating SYM schematic symbol for 'rom_saw'...
Generating metadata file...
Generating ISE project file for 'rom_saw'...
Generating ISE project...
XCO file found: rom_saw.xco
XMDF file found: rom_saw_xmdf.tcl
Adding C:/IES111/dac/ipcore_dir/tmp/_cg/rom_saw.asy -view all -origin_type
imported
Adding C:/IES111/dac/ipcore_dir/tmp/_cg/rom_saw.ngc -view all -origin_type
created
Checking file "C:/IES111/dac/ipcore_dir/tmp/_cg/rom_saw.ngc" for project device
match ...
File "C:/IES111/dac/ipcore_dir/tmp/_cg/rom_saw.ngc" device information matches
project device.
Adding C:/IES111/dac/ipcore_dir/tmp/_cg/rom_saw.sym -view all -origin_type
imported
Adding C:/IES111/dac/ipcore_dir/tmp/_cg/rom_saw.v -view all -origin_type created
INFO:HDLCompiler:1845 - Analyzing Verilog file
   "C:/IES111/dac/ipcore_dir/tmp/_cg/rom_saw.v" into library work
INFO:ProjectMgmt - Parsing design hierarchy completed successfully.
Adding C:/IES111/dac/ipcore_dir/tmp/_cg/rom_saw.veo -view all -origin_type
imported
INFO:TclTasksC:2116 - The automatic calculation of top has been turned-off.
   Please set the new top explicitly by running the "project set top" command.
   To re-calculate the new top automatically, set the "Auto Implementation Top"
   property to true.
Top level has been set to "/rom_saw"
Generating README file...
Generating FLIST file...
INFO:sim:948 - Finished FLIST file generation.
Launching README viewer...
Moving files to output directory...
Finished moving files to output directory
Wrote CGP file for project 'rom_saw'.
