T-Spice - Tanner SPICE
Version 16.30
Network license
Product Release ID: T-Spice Win64 16.30.20150626.02:41:53
Copyright © 1988-2015 Mentor Graphics Corporation

	Parsing "D:\BaiduNetdiskDownload\tanner1\Dsuocun\wangbiao\Dlatch.spc"
	Initializing parser from header file "D:\BAIDUN~1\tiburonda\models\VAdatabase.sp"
	Reading library entry "tt" from "D:\BaiduNetdiskDownload\tanner1\Dsuocun\library\Models\Generic_025.lib"
	Reading library entry "TT_NMOS_PARAMETERS" from "D:\BaiduNetdiskDownload\tanner1\Dsuocun\library\Models\Generic_025.lib"
	Reading library entry "TT_PMOS_PARAMETERS" from "D:\BaiduNetdiskDownload\tanner1\Dsuocun\library\Models\Generic_025.lib"
	Reading library entry "MOS_BIN_MODEL" from "D:\BaiduNetdiskDownload\tanner1\Dsuocun\library\Models\Generic_025.lib"
	Reading library entry "Typ" from "D:\BaiduNetdiskDownload\tanner1\Dsuocun\library\Models\Generic_025.lib"
	Reading library entry "RES_CAP" from "D:\BaiduNetdiskDownload\tanner1\Dsuocun\library\Models\Generic_025.lib"

Start of Dlatch.spc
Loaded BSIM3v31 model library, Berkeley BSIM3 v3.1.0 with extensions
Warning : Node D is only attached to FET gate terminals; voltage is undefined
Warning : Node CLK is only attached to FET gate terminals; voltage is undefined

General options:
        threads = 1

 Device and node counts:
              MOSFETs -      18
    MOSFET geometries -       2
   Subckt Definitions -       3
     Subckt Instances -       5
     Unique Instances -       2
    Model Definitions -       2
      Computed Models -       2
    Independent nodes -      12
       Boundary nodes -       1
          Total nodes -      13
*** 2 WARNING MESSAGES GENERATED DURING SETUP


	Opening simulation database "D:\BaiduNetdiskDownload\tanner1\Dsuocun\wangbiao\Dlatch.tsim"
Warning : "Dlatch.spc" line 47 Resetting minimum timestep from 1e-015 to 2.2e-012 to avoid numerical roundoff problems
        : "Dlatch.spc" line 47 Use the command '.options mintimestep=1e-015' to override this behavior (not recommended)

