Node and elements after first round of iterations

Perfectly matched nodes
=======================

File: lights.spc                <==>  lights_tpr.sp                 
========================
10                              <==>  N3(XPadOut_10/)               
207                             <==>  N3(XPadOut_5/)                
18                              <==>  N3(XPadOut_8/)                
216                             <==>  N3(XPadOut_3/)                
19                              <==>  N2(XPadOut_8/)                
217                             <==>  N2(XPadOut_3/)                
11                              <==>  N2(XPadOut_10/)               
208                             <==>  N2(XPadOut_5/)                
26                              <==>  N3(XPadOut_7/)                
210                             <==>  N3(XPadOut_2/)                
14                              <==>  N3(XPadOut_9/)                
204                             <==>  N3(XPadOut_4/)                
38                              <==>  OEB(XPadInC_2/XPadBidirHE_1/XPadBidirHE_2.0u_1/)
74                              <==>  OEB(XPadInC_1/XPadBidirHE_1/XPadBidirHE_2.0u_1/)
20                              <==>  N1(XPadOut_8/)                
215                             <==>  N1(XPadOut_3/)                
12                              <==>  N1(XPadOut_10/)               
206                             <==>  N1(XPadOut_5/)                
27                              <==>  N2(XPadOut_7/)                
211                             <==>  N2(XPadOut_2/)                
119                             <==>  N3(XPadOut_6/)                
158                             <==>  N3(XPadOut_1/)                
15                              <==>  N2(XPadOut_9/)                
222                             <==>  N2(XPadOut_4/)                
41                              <==>  10(Xcore_1/XDFFC_4/)          
64                              <==>  10(Xcore_1/XDFFC_3/)          
43                              <==>  8(Xcore_1/XDFFC_4/)           
67                              <==>  8(Xcore_1/XDFFC_3/)           
109                             <==>  8(Xcore_1/XDFFC_2/)           
3                               <==>  PAD_T2                        
219                             <==>  PAD_B2                        
31                              <==>  PAD_R4                        
187                             <==>  PAD_L4                        
29                              <==>  N1(XPadInC_2/XPadBidirHE_1/XPadBidirHE_2.0u_1/)
75                              <==>  N1(XPadInC_1/XPadBidirHE_1/XPadBidirHE_2.0u_1/)
37                              <==>  N2(XPadInC_2/XPadBidirHE_1/XPadBidirHE_2.0u_1/)
118                             <==>  N2(XPadInC_1/XPadBidirHE_1/XPadBidirHE_2.0u_1/)
28                              <==>  N1(XPadOut_7/)                
209                             <==>  N1(XPadOut_2/)                
121                             <==>  N2(XPadOut_6/)                
159                             <==>  N2(XPadOut_1/)                
16                              <==>  N1(XPadOut_9/)                
221                             <==>  N1(XPadOut_4/)                
34                              <==>  OEB(XPadOut_10/XPadBidirHE_N20_1/)
198                             <==>  OEB(XPadOut_5/XPadBidirHE_N20_1/)
17                              <==>  OEB(XPadOut_8/XPadBidirHE_N20_1/)
202                             <==>  OEB(XPadOut_3/XPadBidirHE_N20_1/)
106                             <==>  10(Xcore_1/XDFFC_2/)          
52                              <==>  4(Xcore_1/XDFFC_4/)           
63                              <==>  4(Xcore_1/XDFFC_3/)           
72                              <==>  3(Xcore_1/XDFFC_3/)           
114                             <==>  3(Xcore_1/XDFFC_2/)           
44                              <==>  13(Xcore_1/XDFFC_4/)          
57                              <==>  13(Xcore_1/XDFFC_3/)          
100                             <==>  13(Xcore_1/XDFFC_2/)          
47                              <==>  11(Xcore_1/XDFFC_4/)          
59                              <==>  11(Xcore_1/XDFFC_3/)          
49                              <==>  6(Xcore_1/XDFFC_4/)           
71                              <==>  6(Xcore_1/XDFFC_3/)           
48                              <==>  9(Xcore_1/XDFFC_4/)           
70                              <==>  9(Xcore_1/XDFFC_3/)           
56                              <==>  14(Xcore_1/XDFFC_3/)          
99                              <==>  14(Xcore_1/XDFFC_2/)          
Core/U5/DFFC_3/Q                <==>  N10(Xcore_1/)                 
Core/U6/DFFC_2/Q                <==>  N7(Xcore_1/)                  
45                              <==>  7(Xcore_1/XDFFC_4/)           
69                              <==>  7(Xcore_1/XDFFC_3/)           
111                             <==>  7(Xcore_1/XDFFC_2/)           
180                             <==>  8(Xcore_1/XDFFC_1/)           
8                               <==>  PAD_T3                        
226                             <==>  PAD_B3                        
1                               <==>  PAD_T1                        
227                             <==>  PAD_B1                        
30                              <==>  PAD_L1                        
76                              <==>  PAD_L2                        
122                             <==>  N1(XPadOut_6/)                
189                             <==>  N1(XPadOut_1/)                
4                               <==>  N1(XPadOut_8/XPadBidirHE_N20_1/)
220                             <==>  N1(XPadOut_3/XPadBidirHE_N20_1/)
33                              <==>  N1(XPadOut_10/XPadBidirHE_N20_1/)
186                             <==>  N1(XPadOut_5/XPadBidirHE_N20_1/)
24                              <==>  OEB(XPadOut_7/XPadBidirHE_N20_1/)
213                             <==>  OEB(XPadOut_2/XPadBidirHE_N20_1/)
9                               <==>  OEB(XPadOut_9/XPadBidirHE_N20_1/)
223                             <==>  OEB(XPadOut_4/XPadBidirHE_N20_1/)
5                               <==>  N2(XPadOut_8/XPadBidirHE_N20_1/)
203                             <==>  N2(XPadOut_3/XPadBidirHE_N20_1/)
32                              <==>  N2(XPadOut_10/XPadBidirHE_N20_1/)
197                             <==>  N2(XPadOut_5/XPadBidirHE_N20_1/)
55                              <==>  C(Xcore_1/XDFFC_4/)           
66                              <==>  C(Xcore_1/XDFFC_3/)           
108                             <==>  C(Xcore_1/XDFFC_2/)           
60                              <==>  CB(Xcore_1/XDFFC_4/)          
65                              <==>  CB(Xcore_1/XDFFC_3/)          
86                              <==>  10(Xcore_1/XDFFC_5/)          
130                             <==>  10(Xcore_1/XDFFC_6/)          
147                             <==>  10(Xcore_1/XDFFC_7/)          
177                             <==>  10(Xcore_1/XDFFC_1/)          
105                             <==>  4(Xcore_1/XDFFC_2/)           
61                              <==>  3(Xcore_1/XDFFC_4/)           
39                              <==>  12(Xcore_1/XDFFC_4/)          
53                              <==>  12(Xcore_1/XDFFC_3/)          
97                              <==>  12(Xcore_1/XDFFC_2/)          
101                             <==>  11(Xcore_1/XDFFC_2/)          
113                             <==>  6(Xcore_1/XDFFC_2/)           
112                             <==>  9(Xcore_1/XDFFC_2/)           
Core/U5/DFFC_3/Data             <==>  N20(Xcore_1/)                 
Core/U5/DFFC_3/Clk              <==>  N3(Xcore_1/)                  
42                              <==>  14(Xcore_1/XDFFC_4/)          
Core/U5/DFFC_4/Q                <==>  N7                            
58                              <==>  5(Xcore_1/XDFFC_4/)           
68                              <==>  5(Xcore_1/XDFFC_3/)           
110                             <==>  5(Xcore_1/XDFFC_2/)           
182                             <==>  7(Xcore_1/XDFFC_1/)           
150                             <==>  8(Xcore_1/XDFFC_7/)           
131                             <==>  8(Xcore_1/XDFFC_6/)           
87                              <==>  8(Xcore_1/XDFFC_5/)           
156                             <==>  PAD_R2                        
200                             <==>  PAD_R1                        
Frame/PadInC_2/DataInUnBuf      <==>  N23                           
Frame/PadInC_1/DataInUnBuf      <==>  N19                           
13                              <==>  N1(XPadOut_9/XPadBidirHE_N20_1/)
205                             <==>  N1(XPadOut_4/XPadBidirHE_N20_1/)
22                              <==>  N1(XPadOut_7/XPadBidirHE_N20_1/)
214                             <==>  N1(XPadOut_2/XPadBidirHE_N20_1/)
Core/N15                        <==>  N15                           
Core/N45                        <==>  N45                           
Core/N13                        <==>  N13                           
Core/N41                        <==>  N41                           
120                             <==>  OEB(XPadOut_6/XPadBidirHE_N20_1/)
190                             <==>  OEB(XPadOut_1/XPadBidirHE_N20_1/)
2                               <==>  N2(XPadOut_9/XPadBidirHE_N20_1/)
225                             <==>  N2(XPadOut_4/XPadBidirHE_N20_1/)
25                              <==>  N2(XPadOut_7/XPadBidirHE_N20_1/)
212                             <==>  N2(XPadOut_2/XPadBidirHE_N20_1/)
179                             <==>  C(Xcore_1/XDFFC_1/)           
107                             <==>  CB(Xcore_1/XDFFC_2/)          
146                             <==>  4(Xcore_1/XDFFC_7/)           
127                             <==>  4(Xcore_1/XDFFC_6/)           
83                              <==>  4(Xcore_1/XDFFC_5/)           
176                             <==>  4(Xcore_1/XDFFC_1/)           
185                             <==>  3(Xcore_1/XDFFC_1/)           
145                             <==>  11(Xcore_1/XDFFC_7/)          
126                             <==>  11(Xcore_1/XDFFC_6/)          
92                              <==>  11(Xcore_1/XDFFC_5/)          
171                             <==>  11(Xcore_1/XDFFC_1/)          
154                             <==>  6(Xcore_1/XDFFC_7/)           
136                             <==>  6(Xcore_1/XDFFC_6/)           
94                              <==>  6(Xcore_1/XDFFC_5/)           
184                             <==>  6(Xcore_1/XDFFC_1/)           
153                             <==>  9(Xcore_1/XDFFC_7/)           
135                             <==>  9(Xcore_1/XDFFC_6/)           
93                              <==>  9(Xcore_1/XDFFC_5/)           
183                             <==>  9(Xcore_1/XDFFC_1/)           
162                             <==>  1(Xcore_1/XNOR3C_2/)          
81                              <==>  1(Xcore_1/XNOR3C_1/)          
Core/U5/DFFC_4/Data             <==>  N6(Xcore_1/)                  
181                             <==>  5(Xcore_1/XDFFC_1/)           
152                             <==>  7(Xcore_1/XDFFC_7/)           
133                             <==>  7(Xcore_1/XDFFC_6/)           
91                              <==>  7(Xcore_1/XDFFC_5/)           
143                             <==>  13(Xcore_1/XDFFC_7/)          
125                             <==>  13(Xcore_1/XDFFC_6/)          
89                              <==>  13(Xcore_1/XDFFC_5/)          
169                             <==>  13(Xcore_1/XDFFC_1/)          
160                             <==>  N1(XPadOut_6/XPadBidirHE_N20_1/)
201                             <==>  N1(XPadOut_1/XPadBidirHE_N20_1/)
Frame/PadInC_2/DataInB          <==>  N24                           
Core/U6/DFFC_5/Q                <==>  N6                            
Frame/PadInC_1/DataInB          <==>  N20                           
Core/N21                        <==>  N21                           
157                             <==>  N2(XPadOut_6/XPadBidirHE_N20_1/)
188                             <==>  N2(XPadOut_1/XPadBidirHE_N20_1/)
Core/U6/NOR3C_1/A               <==>  N40(Xcore_1/)                 
88                              <==>  C(Xcore_1/XDFFC_5/)           
129                             <==>  C(Xcore_1/XDFFC_6/)           
149                             <==>  C(Xcore_1/XDFFC_7/)           
Core/U8/DFFC_1/Q                <==>  N22(Xcore_1/)                 
85                              <==>  CB(Xcore_1/XDFFC_5/)          
128                             <==>  CB(Xcore_1/XDFFC_6/)          
148                             <==>  CB(Xcore_1/XDFFC_7/)          
178                             <==>  CB(Xcore_1/XDFFC_1/)          
84                              <==>  12(Xcore_1/XDFFC_5/)          
123                             <==>  12(Xcore_1/XDFFC_6/)          
139                             <==>  12(Xcore_1/XDFFC_7/)          
167                             <==>  12(Xcore_1/XDFFC_1/)          
80                              <==>  2(Xcore_1/XNOR3C_1/)          
95                              <==>  3(Xcore_1/XDFFC_5/)           
103                             <==>  1(Xcore_1/XNOR2_5/)           
102                             <==>  1(Xcore_1/XNOR2_2/)           
137                             <==>  3(Xcore_1/XDFFC_6/)           
134                             <==>  1(Xcore_1/XNOR2C_1/)          
155                             <==>  3(Xcore_1/XDFFC_7/)           
161                             <==>  2(Xcore_1/XNOR3C_2/)          
166                             <==>  1(Xcore_1/XNOR2_7/)           
172                             <==>  1(Xcore_1/XNOR2_6/)           
Core/U7/NAND2C_1/Out1           <==>  N8(Xcore_1/)                  
Core/U8/NAND2C_2/Out1           <==>  N9(Xcore_1/)                  
Core/U6/NOR3C_1/Out1            <==>  N11(Xcore_1/)                 
Core/U8/NOR3C_2/Out1            <==>  N4(Xcore_1/)                  
Core/U6/DFFC_2/Clk              <==>  N1(Xcore_1/)                  
Core/U6/NOR2_5/B                <==>  N5                            
Core/U6/NOR2_2/B                <==>  N5(Xcore_1/)                  
Core/N39                        <==>  N39                           
Core/N2                         <==>  N2                            
Core/N43                        <==>  N43                           
Core/U7/NOR2C_1/Out1            <==>  N13(Xcore_1/)                 
Core/N4                         <==>  N4                            
79                              <==>  14(Xcore_1/XDFFC_5/)          
90                              <==>  5(Xcore_1/XDFFC_5/)           
124                             <==>  14(Xcore_1/XDFFC_6/)          
132                             <==>  5(Xcore_1/XDFFC_6/)           
144                             <==>  1(Xcore_1/XNAND2C_1/)         
142                             <==>  14(Xcore_1/XDFFC_7/)          
151                             <==>  5(Xcore_1/XDFFC_7/)           
165                             <==>  2(Xcore_1/XNAND3C_1/)         
164                             <==>  1(Xcore_1/XNAND3C_1/)         
170                             <==>  1(Xcore_1/XNAND2C_2/)         
168                             <==>  14(Xcore_1/XDFFC_1/)          
Core/U8/NAND3C_1/Out1           <==>  N12(Xcore_1/)                 
Core/N37                        <==>  N37                           
Core/N11                        <==>  N11                           
Core/U7/DFFC_6/Data             <==>  N2(Xcore_1/)                  
Core/U6/DFFC_5/Data             <==>  N8                            
Core/Vdd                        <==>  Vdd                           
Core/N9                         <==>  N9                            
Core/Gnd                        <==>  Gnd                           
-----------------------

Other nodes
=======================

-----------------------

-----------------------


Perfectly matched elements
=======================

File: lights.spc                <==>  lights_tpr.sp                 
=======================
M42(merged elements)            <==>  MN_4_7(XPadOut_8/XPadBidirHE_N20_1)
M725(merged elements)           <==>  MN_4_7(XPadOut_3/XPadBidirHE_N20_1)
M120(merged elements)           <==>  MP_4_7(XPadOut_8/XPadBidirHE_N20_1)
M654(merged elements)           <==>  MP_4_7(XPadOut_3/XPadBidirHE_N20_1)
M689(merged elements)           <==>  MN_4_7(XPadOut_5/XPadBidirHE_N20_1)
M65(merged elements)            <==>  MN_4_7(XPadOut_10/XPadBidirHE_N20_1)
M85(merged elements)            <==>  MP_4_7(XPadOut_10/XPadBidirHE_N20_1)
M684(merged elements)           <==>  MP_4_7(XPadOut_5/XPadBidirHE_N20_1)
M262                            <==>  MN_4_3(Xcore_1/XDFFC_3)       
M361                            <==>  MN_4_3(Xcore_1/XDFFC_2)       
M220                            <==>  MN_4_3(Xcore_1/XDFFC_4)       
M20(merged elements)            <==>  MN_4_7(XPadOut_9/XPadBidirHE_N20_1)
M741(merged elements)           <==>  MN_4_7(XPadOut_4/XPadBidirHE_N20_1)
M92(merged elements)            <==>  MP_4_7(XPadOut_9/XPadBidirHE_N20_1)
M662(merged elements)           <==>  MP_4_7(XPadOut_4/XPadBidirHE_N20_1)
M58(merged elements)            <==>  MN_4_7(XPadOut_7/XPadBidirHE_N20_1)
M696(merged elements)           <==>  MN_4_7(XPadOut_2/XPadBidirHE_N20_1)
M137(merged elements)           <==>  MP_4_7(XPadOut_7/XPadBidirHE_N20_1)
M631(merged elements)           <==>  MP_4_7(XPadOut_2/XPadBidirHE_N20_1)
M61(merged elements)            <==>  MN_4_6(XPadOut_10/XPadBidirHE_N20_1)
M685(merged elements)           <==>  MN_4_6(XPadOut_5/XPadBidirHE_N20_1)
M80(merged elements)            <==>  MP_4_6(XPadOut_10/XPadBidirHE_N20_1)
M680(merged elements)           <==>  MP_4_6(XPadOut_5/XPadBidirHE_N20_1)
M36(merged elements)            <==>  MN_4_6(XPadOut_8/XPadBidirHE_N20_1)
M717(merged elements)           <==>  MN_4_6(XPadOut_3/XPadBidirHE_N20_1)
M116(merged elements)           <==>  MP_4_6(XPadOut_8/XPadBidirHE_N20_1)
M649(merged elements)           <==>  MP_4_6(XPadOut_3/XPadBidirHE_N20_1)
M198                            <==>  MN_4_1(XPadInC_2/XPadBidirHE_1/XPadBidirHE_2.0u_1)
M377                            <==>  MN_4_1(XPadInC_1/XPadBidirHE_1/XPadBidirHE_2.0u_1)
M187                            <==>  MP_4_1(XPadInC_2/XPadBidirHE_1/XPadBidirHE_2.0u_1)
M367                            <==>  MP_4_1(XPadInC_1/XPadBidirHE_1/XPadBidirHE_2.0u_1)
M555                            <==>  MN_4_3(Xcore_1/XDFFC_1)       
M261                            <==>  MN_4_12(Xcore_1/XDFFC_3)      
M219                            <==>  MN_4_12(Xcore_1/XDFFC_4)      
M360                            <==>  MN_4_12(Xcore_1/XDFFC_2)      
M347                            <==>  MN_4_2(Xcore_1/XDFFC_2)       
M248                            <==>  MN_4_2(Xcore_1/XDFFC_3)       
M254                            <==>  MP_4_4(Xcore_1/XDFFC_3)       
M211                            <==>  MP_4_4(Xcore_1/XDFFC_4)       
M210                            <==>  MP_4_12(Xcore_1/XDFFC_4)      
M253                            <==>  MP_4_12(Xcore_1/XDFFC_3)      
M213                            <==>  MP_4_10(Xcore_1/XDFFC_4)      
M234                            <==>  MP_4_10(Xcore_1/XDFFC_3)      
M344                            <==>  MN_4_10(Xcore_1/XDFFC_2)      
M222                            <==>  MN_4_10(Xcore_1/XDFFC_4)      
M245                            <==>  MN_4_10(Xcore_1/XDFFC_3)      
M255                            <==>  MP_4_2(Xcore_1/XDFFC_3)       
M212                            <==>  MP_4_2(Xcore_1/XDFFC_4)       
M263                            <==>  MN_4_1(Xcore_1/XDFFC_3)       
M221                            <==>  MN_4_1(Xcore_1/XDFFC_4)       
M720                            <==>  MN_4_1(XPadOut_3/XPadBidirHE_N20_1)
M37                             <==>  MN_4_1(XPadOut_8/XPadBidirHE_N20_1)
M647                            <==>  MP_4_1(XPadOut_3/XPadBidirHE_N20_1)
M114                            <==>  MP_4_1(XPadOut_8/XPadBidirHE_N20_1)
M602                            <==>  MN_4_1(XPadOut_5/XPadBidirHE_N20_1)
M162                            <==>  MN_4_1(XPadOut_10/XPadBidirHE_N20_1)
M592                            <==>  MP_4_1(XPadOut_5/XPadBidirHE_N20_1)
M178                            <==>  MP_4_1(XPadOut_10/XPadBidirHE_N20_1)
M11(merged elements)            <==>  MN_4_6(XPadOut_9/XPadBidirHE_N20_1)
M744(merged elements)           <==>  MN_4_6(XPadOut_4/XPadBidirHE_N20_1)
M89(merged elements)            <==>  MP_4_6(XPadOut_9/XPadBidirHE_N20_1)
M670(merged elements)           <==>  MP_4_6(XPadOut_4/XPadBidirHE_N20_1)
M577(merged elements)           <==>  MN_4_7(XPadOut_1/XPadBidirHE_N20_1)
M393(merged elements)           <==>  MN_4_7(XPadOut_6/XPadBidirHE_N20_1)
M500(merged elements)           <==>  MP_4_7(XPadOut_1/XPadBidirHE_N20_1)
M402(merged elements)           <==>  MP_4_7(XPadOut_6/XPadBidirHE_N20_1)
M55(merged elements)            <==>  MN_4_6(XPadOut_7/XPadBidirHE_N20_1)
M691(merged elements)           <==>  MN_4_6(XPadOut_2/XPadBidirHE_N20_1)
M134(merged elements)           <==>  MP_4_6(XPadOut_7/XPadBidirHE_N20_1)
M629(merged elements)           <==>  MP_4_6(XPadOut_2/XPadBidirHE_N20_1)
R4                              <==>  R1(XPadOut_10/XPadBidirHE_N20_1)
R9                              <==>  R1(XPadOut_5/XPadBidirHE_N20_1)
R11                             <==>  R1(XPadOut_3/XPadBidirHE_N20_1)
R2                              <==>  R1(XPadOut_8/XPadBidirHE_N20_1)
M202                            <==>  MN_4_2(XPadInC_2/XPadBidirHE_1/XPadBidirHE_2.0u_1)
M380                            <==>  MN_4_2(XPadInC_1/XPadBidirHE_1/XPadBidirHE_2.0u_1)
M197                            <==>  MN_4_3(XPadInC_2/XPadBidirHE_1/XPadBidirHE_2.0u_1)
M378                            <==>  MN_4_3(XPadInC_1/XPadBidirHE_1/XPadBidirHE_2.0u_1)
M194                            <==>  MN_4_4(XPadInC_2/XPadBidirHE_1/XPadBidirHE_2.0u_1)
M281                            <==>  MN_4_4(XPadInC_1/XPadBidirHE_1/XPadBidirHE_2.0u_1)
M269(merged elements)           <==>  MP_4_3(XPadInC_1/XPadBidirHE_1/XPadBidirHE_2.0u_1)
M186(merged elements)           <==>  MP_4_3(XPadInC_2/XPadBidirHE_1/XPadBidirHE_2.0u_1)
M366(merged elements)           <==>  MP_4_4(XPadInC_1/XPadBidirHE_1/XPadBidirHE_2.0u_1)(merged elements)
M184(merged elements)           <==>  MP_4_4(XPadInC_2/XPadBidirHE_1/XPadBidirHE_2.0u_1)(merged elements)
C4                              <==>  C1(XPadOut_10/XPadBidirHE_N20_1/XPad_Bond_1)
C11                             <==>  C1(XPadOut_5/XPadBidirHE_N20_1/XPad_Bond_1)
C13                             <==>  C1(XPadOut_3/XPadBidirHE_N20_1/XPad_Bond_1)
C2                              <==>  C1(XPadOut_8/XPadBidirHE_N20_1/XPad_Bond_1)
M433                            <==>  MN_4_3(Xcore_1/XDFFC_6)       
M471                            <==>  MN_4_3(Xcore_1/XDFFC_7)       
M324                            <==>  MN_4_3(Xcore_1/XDFFC_5)       
M554                            <==>  MN_4_12(Xcore_1/XDFFC_1)      
M259                            <==>  MN_4_11(Xcore_1/XDFFC_3)      
M358                            <==>  MN_4_11(Xcore_1/XDFFC_2)      
M239                            <==>  MN_4_11(Xcore_1/XDFFC_4)      
M240                            <==>  MN_4_13(Xcore_1/XDFFC_4)      
M260                            <==>  MN_4_13(Xcore_1/XDFFC_3)      
M363                            <==>  MN_4_14(Xcore_1/XDFFC_2)      
M264                            <==>  MN_4_14(Xcore_1/XDFFC_3)      
M225                            <==>  MN_4_2(Xcore_1/XDFFC_4)       
M249                            <==>  MN_4_6(Xcore_1/XDFFC_3)       
M348                            <==>  MN_4_6(Xcore_1/XDFFC_2)       
M226                            <==>  MN_4_6(Xcore_1/XDFFC_4)       
M238                            <==>  MP_4_7(Xcore_1/XDFFC_3)       
M339                            <==>  MP_4_7(Xcore_1/XDFFC_2)       
M217                            <==>  MP_4_7(Xcore_1/XDFFC_4)       
M338                            <==>  MP_4_1(Xcore_1/XDFFC_2)       
M237                            <==>  MP_4_1(Xcore_1/XDFFC_3)       
M247                            <==>  MN_4_8(Xcore_1/XDFFC_3)       
M346                            <==>  MN_4_8(Xcore_1/XDFFC_2)       
M337                            <==>  MP_4_8(Xcore_1/XDFFC_2)       
M236                            <==>  MP_4_8(Xcore_1/XDFFC_3)       
M233                            <==>  MP_4_9(Xcore_1/XDFFC_3)       
M334                            <==>  MP_4_9(Xcore_1/XDFFC_2)       
M256                            <==>  MP_4_14(Xcore_1/XDFFC_3)      
M355                            <==>  MP_4_14(Xcore_1/XDFFC_2)      
M265                            <==>  MN_4_5(Xcore_1/XDFFC_3)       
M242                            <==>  MN_4_5(Xcore_1/XDFFC_4)       
M257                            <==>  MP_4_6(Xcore_1/XDFFC_3)       
M231                            <==>  MP_4_6(Xcore_1/XDFFC_4)       
M229                            <==>  MP_4_3(Xcore_1/XDFFC_4)       
M252                            <==>  MP_4_3(Xcore_1/XDFFC_3)       
M353                            <==>  MP_4_4(Xcore_1/XDFFC_2)       
M352                            <==>  MP_4_12(Xcore_1/XDFFC_2)      
M251                            <==>  MP_4_13(Xcore_1/XDFFC_3)      
M228                            <==>  MP_4_13(Xcore_1/XDFFC_4)      
M335                            <==>  MP_4_10(Xcore_1/XDFFC_2)      
M214                            <==>  MP_4_11(Xcore_1/XDFFC_4)      
M235                            <==>  MP_4_11(Xcore_1/XDFFC_3)      
M218                            <==>  MN_4_9(Xcore_1/XDFFC_4)       
M244                            <==>  MN_4_9(Xcore_1/XDFFC_3)       
M343                            <==>  MN_4_9(Xcore_1/XDFFC_2)       
M349                            <==>  MP_4_15(Xcore_1/XDFFC_2)      
M227                            <==>  MP_4_15(Xcore_1/XDFFC_4)      
M250                            <==>  MP_4_15(Xcore_1/XDFFC_3)      
M362                            <==>  MN_4_1(Xcore_1/XDFFC_2)       
M354                            <==>  MP_4_2(Xcore_1/XDFFC_2)       
M243                            <==>  MN_4_4(Xcore_1/XDFFC_4)       
M266                            <==>  MN_4_4(Xcore_1/XDFFC_3)       
M232                            <==>  MP_4_5(Xcore_1/XDFFC_4)       
M258                            <==>  MP_4_5(Xcore_1/XDFFC_3)       
M161                            <==>  MN_4_3(XPadOut_10/XPadBidirHE_N20_1)
M601                            <==>  MN_4_3(XPadOut_5/XPadBidirHE_N20_1)
M600                            <==>  MN_4_4(XPadOut_5/XPadBidirHE_N20_1)
M160                            <==>  MN_4_4(XPadOut_10/XPadBidirHE_N20_1)
M607(merged elements)           <==>  MN_4_5(XPadOut_5/XPadBidirHE_N20_1)
M163(merged elements)           <==>  MN_4_5(XPadOut_10/XPadBidirHE_N20_1)
M176(merged elements)           <==>  MP_4_3(XPadOut_10/XPadBidirHE_N20_1)
M590(merged elements)           <==>  MP_4_3(XPadOut_5/XPadBidirHE_N20_1)
M719                            <==>  MN_4_3(XPadOut_3/XPadBidirHE_N20_1)
M38                             <==>  MN_4_3(XPadOut_8/XPadBidirHE_N20_1)
M21                             <==>  MN_4_4(XPadOut_8/XPadBidirHE_N20_1)
M716                            <==>  MN_4_4(XPadOut_3/XPadBidirHE_N20_1)
M721(merged elements)           <==>  MN_4_5(XPadOut_3/XPadBidirHE_N20_1)
M25(merged elements)            <==>  MN_4_5(XPadOut_8/XPadBidirHE_N20_1)
M97(merged elements)            <==>  MP_4_3(XPadOut_8/XPadBidirHE_N20_1)
M655(merged elements)           <==>  MP_4_3(XPadOut_3/XPadBidirHE_N20_1)
M13                             <==>  MN_4_1(XPadOut_9/XPadBidirHE_N20_1)
M747                            <==>  MN_4_1(XPadOut_4/XPadBidirHE_N20_1)
M88                             <==>  MP_4_1(XPadOut_9/XPadBidirHE_N20_1)
M668                            <==>  MP_4_1(XPadOut_4/XPadBidirHE_N20_1)
M45                             <==>  MN_4_1(XPadOut_7/XPadBidirHE_N20_1)
M693                            <==>  MN_4_1(XPadOut_2/XPadBidirHE_N20_1)
M126                            <==>  MP_4_1(XPadOut_7/XPadBidirHE_N20_1)
M628                            <==>  MP_4_1(XPadOut_2/XPadBidirHE_N20_1)
M177                            <==>  MP_4_4(XPadOut_10/XPadBidirHE_N20_1)
M593                            <==>  MP_4_4(XPadOut_5/XPadBidirHE_N20_1)
M156(merged elements)           <==>  MP_4_5(XPadOut_10/XPadBidirHE_N20_1)
M596(merged elements)           <==>  MP_4_5(XPadOut_5/XPadBidirHE_N20_1)
M648                            <==>  MP_4_4(XPadOut_3/XPadBidirHE_N20_1)
M99                             <==>  MP_4_4(XPadOut_8/XPadBidirHE_N20_1)
M105(merged elements)           <==>  MP_4_5(XPadOut_8/XPadBidirHE_N20_1)
M660(merged elements)           <==>  MP_4_5(XPadOut_3/XPadBidirHE_N20_1)
R1                              <==>  R1(XPadOut_9/XPadBidirHE_N20_1)
R12                             <==>  R1(XPadOut_4/XPadBidirHE_N20_1)
M567(merged elements)           <==>  MN_4_6(XPadOut_1/XPadBidirHE_N20_1)
M386(merged elements)           <==>  MN_4_6(XPadOut_6/XPadBidirHE_N20_1)
M584(merged elements)           <==>  MP_4_6(XPadOut_1/XPadBidirHE_N20_1)
M400(merged elements)           <==>  MP_4_6(XPadOut_6/XPadBidirHE_N20_1)
R10                             <==>  R1(XPadOut_2/XPadBidirHE_N20_1)
R3                              <==>  R1(XPadOut_7/XPadBidirHE_N20_1)
C5                              <==>  C1(XPadInC_2/XPadBidirHE_1/XPadBidirHE_2.0u_1/XPad_Bond_1)
C7                              <==>  C1(XPadInC_1/XPadBidirHE_1/XPadBidirHE_2.0u_1/XPad_Bond_1)
M149(merged elements)           <==>  MN_4_5(XPadInC_2/XPadBidirHE_1/XPadBidirHE_2.0u_1)
M284(merged elements)           <==>  MN_4_5(XPadInC_1/XPadBidirHE_1/XPadBidirHE_2.0u_1)
M280(merged elements)           <==>  MP_4_5(XPadInC_1/XPadBidirHE_1/XPadBidirHE_2.0u_1)
M148(merged elements)           <==>  MP_4_5(XPadInC_2/XPadBidirHE_1/XPadBidirHE_2.0u_1)
C14                             <==>  C1(XPadOut_4/XPadBidirHE_N20_1/XPad_Bond_1)
C1                              <==>  C1(XPadOut_9/XPadBidirHE_N20_1/XPad_Bond_1)
C12                             <==>  C1(XPadOut_2/XPadBidirHE_N20_1/XPad_Bond_1)
C3                              <==>  C1(XPadOut_7/XPadBidirHE_N20_1/XPad_Bond_1)
M454                            <==>  MN_4_10(Xcore_1/XDFFC_7)      
M538                            <==>  MN_4_10(Xcore_1/XDFFC_1)      
M326                            <==>  MN_4_10(Xcore_1/XDFFC_5)      
M413                            <==>  MN_4_10(Xcore_1/XDFFC_6)      
M323                            <==>  MN_4_12(Xcore_1/XDFFC_5)      
M470                            <==>  MN_4_12(Xcore_1/XDFFC_7)      
M432                            <==>  MN_4_12(Xcore_1/XDFFC_6)      
M552                            <==>  MN_4_11(Xcore_1/XDFFC_1)      
M359                            <==>  MN_4_13(Xcore_1/XDFFC_2)      
M241                            <==>  MN_4_14(Xcore_1/XDFFC_4)      
M209                            <==>  MP_4_9(Xcore_1/XDFFC_4)       
M215                            <==>  MP_4_8(Xcore_1/XDFFC_4)       
M216                            <==>  MP_4_1(Xcore_1/XDFFC_4)       
M223                            <==>  MN_4_7(Xcore_1/XDFFC_4)       
M246                            <==>  MN_4_7(Xcore_1/XDFFC_3)       
M345                            <==>  MN_4_7(Xcore_1/XDFFC_2)       
M224                            <==>  MN_4_8(Xcore_1/XDFFC_4)       
M230                            <==>  MP_4_14(Xcore_1/XDFFC_4)      
M292                            <==>  MP_4_4(Xcore_1/XNOR3C_1)      
M501                            <==>  MP_4_4(Xcore_1/XNOR3C_2)      
M422                            <==>  MP_4_4(Xcore_1/XDFFC_6)       
M463                            <==>  MP_4_4(Xcore_1/XDFFC_7)       
M547                            <==>  MP_4_4(Xcore_1/XDFFC_1)       
M312                            <==>  MP_4_4(Xcore_1/XDFFC_5)       
M351                            <==>  MP_4_3(Xcore_1/XDFFC_2)       
M546                            <==>  MP_4_12(Xcore_1/XDFFC_1)      
M421                            <==>  MP_4_12(Xcore_1/XDFFC_6)      
M462                            <==>  MP_4_12(Xcore_1/XDFFC_7)      
M311                            <==>  MP_4_12(Xcore_1/XDFFC_5)      
M350                            <==>  MP_4_13(Xcore_1/XDFFC_2)      
M529                            <==>  MP_4_10(Xcore_1/XDFFC_1)      
M445                            <==>  MP_4_10(Xcore_1/XDFFC_7)      
M407                            <==>  MP_4_10(Xcore_1/XDFFC_6)      
M314                            <==>  MP_4_10(Xcore_1/XDFFC_5)      
M336                            <==>  MP_4_11(Xcore_1/XDFFC_2)      
M543                            <==>  MP_4_15(Xcore_1/XDFFC_1)      
M548                            <==>  MP_4_2(Xcore_1/XDFFC_1)       
M313                            <==>  MP_4_2(Xcore_1/XDFFC_5)       
M464                            <==>  MP_4_2(Xcore_1/XDFFC_7)       
M423                            <==>  MP_4_2(Xcore_1/XDFFC_6)       
M556                            <==>  MN_4_1(Xcore_1/XDFFC_1)       
M325                            <==>  MN_4_1(Xcore_1/XDFFC_5)       
M472                            <==>  MN_4_1(Xcore_1/XDFFC_7)       
M434                            <==>  MN_4_1(Xcore_1/XDFFC_6)       
M357                            <==>  MP_4_5(Xcore_1/XDFFC_2)       
M365                            <==>  MN_4_4(Xcore_1/XDFFC_2)       
M43                             <==>  MN_4_4(XPadOut_7/XPadBidirHE_N20_1)
M704                            <==>  MN_4_4(XPadOut_2/XPadBidirHE_N20_1)
M44                             <==>  MN_4_3(XPadOut_7/XPadBidirHE_N20_1)
M694                            <==>  MN_4_3(XPadOut_2/XPadBidirHE_N20_1)
M710(merged elements)           <==>  MN_4_5(XPadOut_2/XPadBidirHE_N20_1)
M52(merged elements)            <==>  MN_4_5(XPadOut_7/XPadBidirHE_N20_1)
M638(merged elements)           <==>  MP_4_3(XPadOut_2/XPadBidirHE_N20_1)
M123(merged elements)           <==>  MP_4_3(XPadOut_7/XPadBidirHE_N20_1)
M1                              <==>  MN_4_4(XPadOut_9/XPadBidirHE_N20_1)
M743                            <==>  MN_4_4(XPadOut_4/XPadBidirHE_N20_1)
M761(merged elements)           <==>  MN_4_5(XPadOut_4/XPadBidirHE_N20_1)
M4(merged elements)             <==>  MN_4_5(XPadOut_9/XPadBidirHE_N20_1)
M14                             <==>  MN_4_3(XPadOut_9/XPadBidirHE_N20_1)
M746                            <==>  MN_4_3(XPadOut_4/XPadBidirHE_N20_1)
M666(merged elements)           <==>  MP_4_3(XPadOut_4/XPadBidirHE_N20_1)
M68(merged elements)            <==>  MP_4_3(XPadOut_9/XPadBidirHE_N20_1)
M611                            <==>  MN_4_2(XPadOut_5/XPadBidirHE_N20_1)
M172                            <==>  MN_4_2(XPadOut_10/XPadBidirHE_N20_1)
M722                            <==>  MN_4_2(XPadOut_3/XPadBidirHE_N20_1)
M32                             <==>  MN_4_2(XPadOut_8/XPadBidirHE_N20_1)
M389                            <==>  MN_4_1(XPadOut_6/XPadBidirHE_N20_1)
M570                            <==>  MN_4_1(XPadOut_1/XPadBidirHE_N20_1)
M399                            <==>  MP_4_1(XPadOut_6/XPadBidirHE_N20_1)
M583                            <==>  MP_4_1(XPadOut_1/XPadBidirHE_N20_1)
M645(merged elements)           <==>  MP_4_2(XPadOut_3/XPadBidirHE_N20_1)
M96(merged elements)            <==>  MP_4_2(XPadOut_8/XPadBidirHE_N20_1)
M173(merged elements)           <==>  MP_4_2(XPadOut_10/XPadBidirHE_N20_1)
M589(merged elements)           <==>  MP_4_2(XPadOut_5/XPadBidirHE_N20_1)
M639                            <==>  MP_4_4(XPadOut_2/XPadBidirHE_N20_1)
M125                            <==>  MP_4_4(XPadOut_7/XPadBidirHE_N20_1)
M130(merged elements)           <==>  MP_4_5(XPadOut_7/XPadBidirHE_N20_1)
M640(merged elements)           <==>  MP_4_5(XPadOut_2/XPadBidirHE_N20_1)
M677(merged elements)           <==>  MP_4_5(XPadOut_4/XPadBidirHE_N20_1)
M76(merged elements)            <==>  MP_4_5(XPadOut_9/XPadBidirHE_N20_1)
M669                            <==>  MP_4_4(XPadOut_4/XPadBidirHE_N20_1)
M87                             <==>  MP_4_4(XPadOut_9/XPadBidirHE_N20_1)
R7                              <==>  R1(XPadOut_6/XPadBidirHE_N20_1)
R8                              <==>  R1(XPadOut_1/XPadBidirHE_N20_1)
R6                              <==>  R1(XPadInC_1/XPadBidirHE_1/XPadBidirHE_2.0u_1)
R5                              <==>  R1(XPadInC_2/XPadBidirHE_1/XPadBidirHE_2.0u_1)
C8                              <==>  C1(XPadOut_6/XPadBidirHE_N20_1/XPad_Bond_1)
C10                             <==>  C1(XPadOut_1/XPadBidirHE_N20_1/XPad_Bond_1)
M322                            <==>  MN_4_9(Xcore_1/XDFFC_5)       
M537                            <==>  MN_4_9(Xcore_1/XDFFC_1)       
M453                            <==>  MN_4_9(Xcore_1/XDFFC_7)       
M412                            <==>  MN_4_9(Xcore_1/XDFFC_6)       
M519                            <==>  MN_4_2(Xcore_1/XNAND3C_1)     
M541                            <==>  MN_4_2(Xcore_1/XDFFC_1)       
M468                            <==>  MN_4_11(Xcore_1/XDFFC_7)      
M430                            <==>  MN_4_11(Xcore_1/XDFFC_6)      
M320                            <==>  MN_4_11(Xcore_1/XDFFC_5)      
M306                            <==>  MN_4_2(Xcore_1/XDFFC_5)       
M540                            <==>  MN_4_8(Xcore_1/XDFFC_1)       
M469                            <==>  MN_4_13(Xcore_1/XDFFC_7)      
M431                            <==>  MN_4_13(Xcore_1/XDFFC_6)      
M321                            <==>  MN_4_13(Xcore_1/XDFFC_5)      
M553                            <==>  MN_4_13(Xcore_1/XDFFC_1)      
M557                            <==>  MN_4_14(Xcore_1/XDFFC_1)      
M457                            <==>  MN_4_2(Xcore_1/XDFFC_7)       
M451                            <==>  MN_4_2(Xcore_1/XNAND2C_1)     
M450                            <==>  MN_4_3(Xcore_1/XNAND2C_1)     
M534                            <==>  MN_4_3(Xcore_1/XNAND2C_2)     
M473                            <==>  MN_4_14(Xcore_1/XDFFC_7)      
M523                            <==>  MN_4_2(Xcore_1/XNAND2C_2)     
M330                            <==>  MN_4_1(Xcore_1/XNOR2_5)       
M535                            <==>  MN_4_2(Xcore_1/XNOR2_6)       
M16                             <==>  MN_4_2(XPadOut_9/XPadBidirHE_N20_1)
M752                            <==>  MN_4_2(XPadOut_4/XPadBidirHE_N20_1)
M664(merged elements)           <==>  MP_4_2(XPadOut_4/XPadBidirHE_N20_1)
M67(merged elements)            <==>  MP_4_2(XPadOut_9/XPadBidirHE_N20_1)
M342                            <==>  MN_4_1(Xcore_1/XNOR2_2)       
M518                            <==>  MN_4_1(Xcore_1/XNOR2_7)       
M333                            <==>  MP_4_1(Xcore_1/XNOR2_2)       
M510                            <==>  MP_4_1(Xcore_1/XNOR2_7)       
M506                            <==>  MN_4_3(Xcore_1/XNOR3C_2)      
M301                            <==>  MN_4_3(Xcore_1/XNOR3C_1)      
M502                            <==>  MP_4_3(Xcore_1/XNOR3C_2)      
M293                            <==>  MP_4_3(Xcore_1/XNOR3C_1)      
M54                             <==>  MN_4_2(XPadOut_7/XPadBidirHE_N20_1)
M715                            <==>  MN_4_2(XPadOut_2/XPadBidirHE_N20_1)
M635(merged elements)           <==>  MP_4_2(XPadOut_2/XPadBidirHE_N20_1)
M121(merged elements)           <==>  MP_4_2(XPadOut_7/XPadBidirHE_N20_1)
M441                            <==>  MP_4_3(Xcore_1/XNAND2C_1)     
M525                            <==>  MP_4_3(Xcore_1/XNAND2C_2)     
M539                            <==>  MN_4_7(Xcore_1/XDFFC_1)       
M531                            <==>  MP_4_8(Xcore_1/XDFFC_1)       
M528                            <==>  MP_4_9(Xcore_1/XDFFC_1)       
M549                            <==>  MP_4_14(Xcore_1/XDFFC_1)      
M364                            <==>  MN_4_5(Xcore_1/XDFFC_2)       
M328                            <==>  MN_4_5(Xcore_1/XDFFC_5)       
M356                            <==>  MP_4_6(Xcore_1/XDFFC_2)       
M317                            <==>  MP_4_6(Xcore_1/XDFFC_5)       
M508                            <==>  MN_4_1(Xcore_1/XNOR3C_2)      
M303                            <==>  MN_4_1(Xcore_1/XNOR3C_1)      
M505                            <==>  MN_4_4(Xcore_1/XNOR3C_2)      
M300                            <==>  MN_4_4(Xcore_1/XNOR3C_1)      
M504                            <==>  MP_4_1(Xcore_1/XNOR3C_2)      
M295                            <==>  MP_4_1(Xcore_1/XNOR3C_1)      
M524                            <==>  MN_4_1(Xcore_1/XNAND2C_2)     
M452                            <==>  MN_4_1(Xcore_1/XNAND2C_1)     
M516                            <==>  MP_4_1(Xcore_1/XNAND2C_2)     
M443                            <==>  MP_4_1(Xcore_1/XNAND2C_1)     
M460                            <==>  MP_4_13(Xcore_1/XDFFC_7)      
M544                            <==>  MP_4_13(Xcore_1/XDFFC_1)      
M545                            <==>  MP_4_3(Xcore_1/XDFFC_1)       
M309                            <==>  MP_4_13(Xcore_1/XDFFC_5)      
M310                            <==>  MP_4_3(Xcore_1/XDFFC_5)       
M419                            <==>  MP_4_13(Xcore_1/XDFFC_6)      
M461                            <==>  MP_4_3(Xcore_1/XDFFC_7)       
M420                            <==>  MP_4_3(Xcore_1/XDFFC_6)       
M530                            <==>  MP_4_11(Xcore_1/XDFFC_1)      
M408                            <==>  MP_4_11(Xcore_1/XDFFC_6)      
M315                            <==>  MP_4_11(Xcore_1/XDFFC_5)      
M446                            <==>  MP_4_11(Xcore_1/XDFFC_7)      
M308                            <==>  MP_4_15(Xcore_1/XDFFC_5)      
M459                            <==>  MP_4_15(Xcore_1/XDFFC_7)      
M418                            <==>  MP_4_15(Xcore_1/XDFFC_6)      
M465                            <==>  MP_4_14(Xcore_1/XDFFC_7)      
M331                            <==>  MP_4_2(Xcore_1/XNOR2_5)       
M332                            <==>  MP_4_2(Xcore_1/XNOR2_2)       
M424                            <==>  MP_4_14(Xcore_1/XDFFC_6)      
M428                            <==>  MP_4_3(Xcore_1/XNOR2C_1)      
M307                            <==>  MN_4_6(Xcore_1/XDFFC_5)       
M299                            <==>  MP_4_7(Xcore_1/XDFFC_5)       
M437                            <==>  MN_4_4(Xcore_1/XDFFC_6)       
M329                            <==>  MN_4_4(Xcore_1/XDFFC_5)       
M475                            <==>  MN_4_4(Xcore_1/XDFFC_7)       
M559                            <==>  MN_4_4(Xcore_1/XDFFC_1)       
M426                            <==>  MP_4_5(Xcore_1/XDFFC_6)       
M318                            <==>  MP_4_5(Xcore_1/XDFFC_5)       
M467                            <==>  MP_4_5(Xcore_1/XDFFC_7)       
M551                            <==>  MP_4_5(Xcore_1/XDFFC_1)       
M569                            <==>  MN_4_3(XPadOut_1/XPadBidirHE_N20_1)
M388                            <==>  MN_4_3(XPadOut_6/XPadBidirHE_N20_1)
M566                            <==>  MN_4_4(XPadOut_1/XPadBidirHE_N20_1)
M385                            <==>  MN_4_4(XPadOut_6/XPadBidirHE_N20_1)
M620(merged elements)           <==>  MN_4_5(XPadOut_1/XPadBidirHE_N20_1)
M483(merged elements)           <==>  MN_4_5(XPadOut_6/XPadBidirHE_N20_1)
M492(merged elements)           <==>  MP_4_3(XPadOut_6/XPadBidirHE_N20_1)
M581(merged elements)           <==>  MP_4_3(XPadOut_1/XPadBidirHE_N20_1)
M195(merged elements)           <==>  MN_4_6(XPadInC_2/XPadBidirHE_1/XPadBidirHE_2.0u_1)
M376(merged elements)           <==>  MN_4_6(XPadInC_1/XPadBidirHE_1/XPadBidirHE_2.0u_1)
M190(merged elements)           <==>  MP_4_6(XPadInC_2/XPadBidirHE_1/XPadBidirHE_2.0u_1)
M370(merged elements)           <==>  MP_4_6(XPadInC_1/XPadBidirHE_1/XPadBidirHE_2.0u_1)
M582                            <==>  MP_4_4(XPadOut_1/XPadBidirHE_N20_1)
M398                            <==>  MP_4_4(XPadOut_6/XPadBidirHE_N20_1)
M480(merged elements)           <==>  MP_4_5(XPadOut_6/XPadBidirHE_N20_1)
M627(merged elements)           <==>  MP_4_5(XPadOut_1/XPadBidirHE_N20_1)
M382(merged elements)           <==>  MN_4_7(XPadInC_1/XPadBidirHE_1/XPadBidirHE_2.0u_1)
M341                            <==>  MN_4_2(Xcore_1/XNOR2_2)       
M438                            <==>  MN_4_3(Xcore_1/XNOR2C_1)      
M414                            <==>  MN_4_7(Xcore_1/XDFFC_6)       
M517                            <==>  MN_4_2(Xcore_1/XNOR2_7)       
M536                            <==>  MN_4_1(Xcore_1/XNOR2_6)       
M439                            <==>  MN_4_2(Xcore_1/XNOR2C_1)      
M203(merged elements)           <==>  MN_4_7(XPadInC_2/XPadBidirHE_1/XPadBidirHE_2.0u_1)
M455                            <==>  MN_4_7(Xcore_1/XDFFC_7)       
M340                            <==>  MN_4_2(Xcore_1/XNOR2_5)       
M521                            <==>  MN_4_4(Xcore_1/XNAND3C_1)     
M458                            <==>  MN_4_6(Xcore_1/XDFFC_7)       
M575                            <==>  MN_4_2(XPadOut_1/XPadBidirHE_N20_1)
M440                            <==>  MN_4_1(Xcore_1/XNOR2C_1)      
M474                            <==>  MN_4_5(Xcore_1/XDFFC_7)       
M436                            <==>  MN_4_5(Xcore_1/XDFFC_6)       
M417                            <==>  MN_4_6(Xcore_1/XDFFC_6)       
M302                            <==>  MN_4_2(Xcore_1/XNOR3C_1)      
M416                            <==>  MN_4_2(Xcore_1/XDFFC_6)       
M435                            <==>  MN_4_14(Xcore_1/XDFFC_6)      
M327                            <==>  MN_4_14(Xcore_1/XDFFC_5)      
M520                            <==>  MN_4_3(Xcore_1/XNAND3C_1)     
M507                            <==>  MN_4_2(Xcore_1/XNOR3C_2)      
M456                            <==>  MN_4_8(Xcore_1/XDFFC_7)       
M391                            <==>  MN_4_2(XPadOut_6/XPadBidirHE_N20_1)
M542                            <==>  MN_4_6(Xcore_1/XDFFC_1)       
M522                            <==>  MN_4_1(Xcore_1/XNAND3C_1)     
M558                            <==>  MN_4_5(Xcore_1/XDFFC_1)       
M305                            <==>  MN_4_8(Xcore_1/XDFFC_5)       
M415                            <==>  MN_4_8(Xcore_1/XDFFC_6)       
M304                            <==>  MN_4_7(Xcore_1/XDFFC_5)       
M297                            <==>  MP_4_8(Xcore_1/XDFFC_5)       
M371(merged elements)           <==>  MP_4_7(XPadInC_1/XPadBidirHE_1/XPadBidirHE_2.0u_1)
M298                            <==>  MP_4_1(Xcore_1/XDFFC_5)       
M515                            <==>  MP_4_2(Xcore_1/XNAND2C_2)     
M503                            <==>  MP_4_2(Xcore_1/XNOR3C_2)      
M397(merged elements)           <==>  MP_4_2(XPadOut_6/XPadBidirHE_N20_1)
M427                            <==>  MP_4_2(Xcore_1/XNOR2C_1)      
M532                            <==>  MP_4_1(Xcore_1/XDFFC_1)       
M296                            <==>  MP_4_9(Xcore_1/XDFFC_5)       
M193(merged elements)           <==>  MP_4_7(XPadInC_2/XPadBidirHE_1/XPadBidirHE_2.0u_1)
M294                            <==>  MP_4_2(Xcore_1/XNOR3C_1)      
M449                            <==>  MP_4_7(Xcore_1/XDFFC_7)       
M429                            <==>  MP_4_1(Xcore_1/XNOR2C_1)      
M319                            <==>  MP_4_1(Xcore_1/XNOR2_5)       
M466                            <==>  MP_4_6(Xcore_1/XDFFC_7)       
M410                            <==>  MP_4_1(Xcore_1/XDFFC_6)       
M512                            <==>  MP_4_3(Xcore_1/XNAND3C_1)     
M425                            <==>  MP_4_6(Xcore_1/XDFFC_6)       
M513                            <==>  MP_4_2(Xcore_1/XNAND3C_1)     
M411                            <==>  MP_4_7(Xcore_1/XDFFC_6)       
M579(merged elements)           <==>  MP_4_2(XPadOut_1/XPadBidirHE_N20_1)
M409                            <==>  MP_4_8(Xcore_1/XDFFC_6)       
M511                            <==>  MP_4_4(Xcore_1/XNAND3C_1)     
M442                            <==>  MP_4_2(Xcore_1/XNAND2C_1)     
M406                            <==>  MP_4_9(Xcore_1/XDFFC_6)       
M509                            <==>  MP_4_2(Xcore_1/XNOR2_7)       
M533                            <==>  MP_4_7(Xcore_1/XDFFC_1)       
M526                            <==>  MP_4_2(Xcore_1/XNOR2_6)       
M514                            <==>  MP_4_1(Xcore_1/XNAND3C_1)     
M550                            <==>  MP_4_6(Xcore_1/XDFFC_1)       
M447                            <==>  MP_4_8(Xcore_1/XDFFC_7)       
M444                            <==>  MP_4_9(Xcore_1/XDFFC_7)       
M448                            <==>  MP_4_1(Xcore_1/XDFFC_7)       
M316                            <==>  MP_4_14(Xcore_1/XDFFC_5)      
M527                            <==>  MP_4_1(Xcore_1/XNOR2_6)       
C9                              <==>  C1(XPadVdd_1)                 
-----------------------

Other elements
=======================

-----------------------

-----------------------

==============================================================================

Perfectly matched nodes
=======================

File: lights.spc                <==>  lights_tpr.sp                 
========================
10                              <==>  N3(XPadOut_10/)               
207                             <==>  N3(XPadOut_5/)                
18                              <==>  N3(XPadOut_8/)                
216                             <==>  N3(XPadOut_3/)                
19                              <==>  N2(XPadOut_8/)                
217                             <==>  N2(XPadOut_3/)                
11                              <==>  N2(XPadOut_10/)               
208                             <==>  N2(XPadOut_5/)                
26                              <==>  N3(XPadOut_7/)                
210                             <==>  N3(XPadOut_2/)                
14                              <==>  N3(XPadOut_9/)                
204                             <==>  N3(XPadOut_4/)                
38                              <==>  OEB(XPadInC_2/XPadBidirHE_1/XPadBidirHE_2.0u_1/)
74                              <==>  OEB(XPadInC_1/XPadBidirHE_1/XPadBidirHE_2.0u_1/)
20                              <==>  N1(XPadOut_8/)                
215                             <==>  N1(XPadOut_3/)                
12                              <==>  N1(XPadOut_10/)               
206                             <==>  N1(XPadOut_5/)                
27                              <==>  N2(XPadOut_7/)                
211                             <==>  N2(XPadOut_2/)                
119                             <==>  N3(XPadOut_6/)                
158                             <==>  N3(XPadOut_1/)                
15                              <==>  N2(XPadOut_9/)                
222                             <==>  N2(XPadOut_4/)                
41                              <==>  10(Xcore_1/XDFFC_4/)          
64                              <==>  10(Xcore_1/XDFFC_3/)          
43                              <==>  8(Xcore_1/XDFFC_4/)           
67                              <==>  8(Xcore_1/XDFFC_3/)           
109                             <==>  8(Xcore_1/XDFFC_2/)           
3                               <==>  PAD_T2                        
219                             <==>  PAD_B2                        
31                              <==>  PAD_R4                        
187                             <==>  PAD_L4                        
29                              <==>  N1(XPadInC_2/XPadBidirHE_1/XPadBidirHE_2.0u_1/)
75                              <==>  N1(XPadInC_1/XPadBidirHE_1/XPadBidirHE_2.0u_1/)
37                              <==>  N2(XPadInC_2/XPadBidirHE_1/XPadBidirHE_2.0u_1/)
118                             <==>  N2(XPadInC_1/XPadBidirHE_1/XPadBidirHE_2.0u_1/)
28                              <==>  N1(XPadOut_7/)                
209                             <==>  N1(XPadOut_2/)                
121                             <==>  N2(XPadOut_6/)                
159                             <==>  N2(XPadOut_1/)                
16                              <==>  N1(XPadOut_9/)                
221                             <==>  N1(XPadOut_4/)                
34                              <==>  OEB(XPadOut_10/XPadBidirHE_N20_1/)
198                             <==>  OEB(XPadOut_5/XPadBidirHE_N20_1/)
17                              <==>  OEB(XPadOut_8/XPadBidirHE_N20_1/)
202                             <==>  OEB(XPadOut_3/XPadBidirHE_N20_1/)
106                             <==>  10(Xcore_1/XDFFC_2/)          
52                              <==>  4(Xcore_1/XDFFC_4/)           
63                              <==>  4(Xcore_1/XDFFC_3/)           
72                              <==>  3(Xcore_1/XDFFC_3/)           
114                             <==>  3(Xcore_1/XDFFC_2/)           
44                              <==>  13(Xcore_1/XDFFC_4/)          
57                              <==>  13(Xcore_1/XDFFC_3/)          
100                             <==>  13(Xcore_1/XDFFC_2/)          
47                              <==>  11(Xcore_1/XDFFC_4/)          
59                              <==>  11(Xcore_1/XDFFC_3/)          
49                              <==>  6(Xcore_1/XDFFC_4/)           
71                              <==>  6(Xcore_1/XDFFC_3/)           
48                              <==>  9(Xcore_1/XDFFC_4/)           
70                              <==>  9(Xcore_1/XDFFC_3/)           
56                              <==>  14(Xcore_1/XDFFC_3/)          
99                              <==>  14(Xcore_1/XDFFC_2/)          
Core/U5/DFFC_3/Q                <==>  N10(Xcore_1/)                 
Core/U6/DFFC_2/Q                <==>  N7(Xcore_1/)                  
45                              <==>  7(Xcore_1/XDFFC_4/)           
69                              <==>  7(Xcore_1/XDFFC_3/)           
111                             <==>  7(Xcore_1/XDFFC_2/)           
180                             <==>  8(Xcore_1/XDFFC_1/)           
8                               <==>  PAD_T3                        
226                             <==>  PAD_B3                        
1                               <==>  PAD_T1                        
227                             <==>  PAD_B1                        
30                              <==>  PAD_L1                        
76                              <==>  PAD_L2                        
122                             <==>  N1(XPadOut_6/)                
189                             <==>  N1(XPadOut_1/)                
4                               <==>  N1(XPadOut_8/XPadBidirHE_N20_1/)
220                             <==>  N1(XPadOut_3/XPadBidirHE_N20_1/)
33                              <==>  N1(XPadOut_10/XPadBidirHE_N20_1/)
186                             <==>  N1(XPadOut_5/XPadBidirHE_N20_1/)
24                              <==>  OEB(XPadOut_7/XPadBidirHE_N20_1/)
213                             <==>  OEB(XPadOut_2/XPadBidirHE_N20_1/)
9                               <==>  OEB(XPadOut_9/XPadBidirHE_N20_1/)
223                             <==>  OEB(XPadOut_4/XPadBidirHE_N20_1/)
5                               <==>  N2(XPadOut_8/XPadBidirHE_N20_1/)
203                             <==>  N2(XPadOut_3/XPadBidirHE_N20_1/)
32                              <==>  N2(XPadOut_10/XPadBidirHE_N20_1/)
197                             <==>  N2(XPadOut_5/XPadBidirHE_N20_1/)
55                              <==>  C(Xcore_1/XDFFC_4/)           
66                              <==>  C(Xcore_1/XDFFC_3/)           
108                             <==>  C(Xcore_1/XDFFC_2/)           
60                              <==>  CB(Xcore_1/XDFFC_4/)          
65                              <==>  CB(Xcore_1/XDFFC_3/)          
86                              <==>  10(Xcore_1/XDFFC_5/)          
130                             <==>  10(Xcore_1/XDFFC_6/)          
147                             <==>  10(Xcore_1/XDFFC_7/)          
177                             <==>  10(Xcore_1/XDFFC_1/)          
105                             <==>  4(Xcore_1/XDFFC_2/)           
61                              <==>  3(Xcore_1/XDFFC_4/)           
39                              <==>  12(Xcore_1/XDFFC_4/)          
53                              <==>  12(Xcore_1/XDFFC_3/)          
97                              <==>  12(Xcore_1/XDFFC_2/)          
101                             <==>  11(Xcore_1/XDFFC_2/)          
113                             <==>  6(Xcore_1/XDFFC_2/)           
112                             <==>  9(Xcore_1/XDFFC_2/)           
Core/U5/DFFC_3/Data             <==>  N20(Xcore_1/)                 
Core/U5/DFFC_3/Clk              <==>  N3(Xcore_1/)                  
42                              <==>  14(Xcore_1/XDFFC_4/)          
Core/U5/DFFC_4/Q                <==>  N7                            
58                              <==>  5(Xcore_1/XDFFC_4/)           
68                              <==>  5(Xcore_1/XDFFC_3/)           
110                             <==>  5(Xcore_1/XDFFC_2/)           
182                             <==>  7(Xcore_1/XDFFC_1/)           
150                             <==>  8(Xcore_1/XDFFC_7/)           
131                             <==>  8(Xcore_1/XDFFC_6/)           
87                              <==>  8(Xcore_1/XDFFC_5/)           
156                             <==>  PAD_R2                        
200                             <==>  PAD_R1                        
Frame/PadInC_2/DataInUnBuf      <==>  N23                           
Frame/PadInC_1/DataInUnBuf      <==>  N19                           
13                              <==>  N1(XPadOut_9/XPadBidirHE_N20_1/)
205                             <==>  N1(XPadOut_4/XPadBidirHE_N20_1/)
22                              <==>  N1(XPadOut_7/XPadBidirHE_N20_1/)
214                             <==>  N1(XPadOut_2/XPadBidirHE_N20_1/)
Core/N15                        <==>  N15                           
Core/N45                        <==>  N45                           
Core/N13                        <==>  N13                           
Core/N41                        <==>  N41                           
120                             <==>  OEB(XPadOut_6/XPadBidirHE_N20_1/)
190                             <==>  OEB(XPadOut_1/XPadBidirHE_N20_1/)
2                               <==>  N2(XPadOut_9/XPadBidirHE_N20_1/)
225                             <==>  N2(XPadOut_4/XPadBidirHE_N20_1/)
25                              <==>  N2(XPadOut_7/XPadBidirHE_N20_1/)
212                             <==>  N2(XPadOut_2/XPadBidirHE_N20_1/)
179                             <==>  C(Xcore_1/XDFFC_1/)           
107                             <==>  CB(Xcore_1/XDFFC_2/)          
146                             <==>  4(Xcore_1/XDFFC_7/)           
127                             <==>  4(Xcore_1/XDFFC_6/)           
83                              <==>  4(Xcore_1/XDFFC_5/)           
176                             <==>  4(Xcore_1/XDFFC_1/)           
185                             <==>  3(Xcore_1/XDFFC_1/)           
145                             <==>  11(Xcore_1/XDFFC_7/)          
126                             <==>  11(Xcore_1/XDFFC_6/)          
92                              <==>  11(Xcore_1/XDFFC_5/)          
171                             <==>  11(Xcore_1/XDFFC_1/)          
154                             <==>  6(Xcore_1/XDFFC_7/)           
136                             <==>  6(Xcore_1/XDFFC_6/)           
94                              <==>  6(Xcore_1/XDFFC_5/)           
184                             <==>  6(Xcore_1/XDFFC_1/)           
153                             <==>  9(Xcore_1/XDFFC_7/)           
135                             <==>  9(Xcore_1/XDFFC_6/)           
93                              <==>  9(Xcore_1/XDFFC_5/)           
183                             <==>  9(Xcore_1/XDFFC_1/)           
162                             <==>  1(Xcore_1/XNOR3C_2/)          
81                              <==>  1(Xcore_1/XNOR3C_1/)          
Core/U5/DFFC_4/Data             <==>  N6(Xcore_1/)                  
181                             <==>  5(Xcore_1/XDFFC_1/)           
152                             <==>  7(Xcore_1/XDFFC_7/)           
133                             <==>  7(Xcore_1/XDFFC_6/)           
91                              <==>  7(Xcore_1/XDFFC_5/)           
143                             <==>  13(Xcore_1/XDFFC_7/)          
125                             <==>  13(Xcore_1/XDFFC_6/)          
89                              <==>  13(Xcore_1/XDFFC_5/)          
169                             <==>  13(Xcore_1/XDFFC_1/)          
160                             <==>  N1(XPadOut_6/XPadBidirHE_N20_1/)
201                             <==>  N1(XPadOut_1/XPadBidirHE_N20_1/)
Frame/PadInC_2/DataInB          <==>  N24                           
Core/U6/DFFC_5/Q                <==>  N6                            
Frame/PadInC_1/DataInB          <==>  N20                           
Core/N21                        <==>  N21                           
157                             <==>  N2(XPadOut_6/XPadBidirHE_N20_1/)
188                             <==>  N2(XPadOut_1/XPadBidirHE_N20_1/)
Core/U6/NOR3C_1/A               <==>  N40(Xcore_1/)                 
88                              <==>  C(Xcore_1/XDFFC_5/)           
129                             <==>  C(Xcore_1/XDFFC_6/)           
149                             <==>  C(Xcore_1/XDFFC_7/)           
Core/U8/DFFC_1/Q                <==>  N22(Xcore_1/)                 
85                              <==>  CB(Xcore_1/XDFFC_5/)          
128                             <==>  CB(Xcore_1/XDFFC_6/)          
148                             <==>  CB(Xcore_1/XDFFC_7/)          
178                             <==>  CB(Xcore_1/XDFFC_1/)          
84                              <==>  12(Xcore_1/XDFFC_5/)          
123                             <==>  12(Xcore_1/XDFFC_6/)          
139                             <==>  12(Xcore_1/XDFFC_7/)          
167                             <==>  12(Xcore_1/XDFFC_1/)          
80                              <==>  2(Xcore_1/XNOR3C_1/)          
95                              <==>  3(Xcore_1/XDFFC_5/)           
103                             <==>  1(Xcore_1/XNOR2_5/)           
102                             <==>  1(Xcore_1/XNOR2_2/)           
137                             <==>  3(Xcore_1/XDFFC_6/)           
134                             <==>  1(Xcore_1/XNOR2C_1/)          
155                             <==>  3(Xcore_1/XDFFC_7/)           
161                             <==>  2(Xcore_1/XNOR3C_2/)          
166                             <==>  1(Xcore_1/XNOR2_7/)           
172                             <==>  1(Xcore_1/XNOR2_6/)           
Core/U7/NAND2C_1/Out1           <==>  N8(Xcore_1/)                  
Core/U8/NAND2C_2/Out1           <==>  N9(Xcore_1/)                  
Core/U6/NOR3C_1/Out1            <==>  N11(Xcore_1/)                 
Core/U8/NOR3C_2/Out1            <==>  N4(Xcore_1/)                  
Core/U6/DFFC_2/Clk              <==>  N1(Xcore_1/)                  
Core/U6/NOR2_5/B                <==>  N5                            
Core/U6/NOR2_2/B                <==>  N5(Xcore_1/)                  
Core/N39                        <==>  N39                           
Core/N2                         <==>  N2                            
Core/N43                        <==>  N43                           
Core/U7/NOR2C_1/Out1            <==>  N13(Xcore_1/)                 
Core/N4                         <==>  N4                            
79                              <==>  14(Xcore_1/XDFFC_5/)          
90                              <==>  5(Xcore_1/XDFFC_5/)           
124                             <==>  14(Xcore_1/XDFFC_6/)          
132                             <==>  5(Xcore_1/XDFFC_6/)           
144                             <==>  1(Xcore_1/XNAND2C_1/)         
142                             <==>  14(Xcore_1/XDFFC_7/)          
151                             <==>  5(Xcore_1/XDFFC_7/)           
165                             <==>  2(Xcore_1/XNAND3C_1/)         
164                             <==>  1(Xcore_1/XNAND3C_1/)         
170                             <==>  1(Xcore_1/XNAND2C_2/)         
168                             <==>  14(Xcore_1/XDFFC_1/)          
Core/U8/NAND3C_1/Out1           <==>  N12(Xcore_1/)                 
Core/N37                        <==>  N37                           
Core/N11                        <==>  N11                           
Core/U7/DFFC_6/Data             <==>  N2(Xcore_1/)                  
Core/U6/DFFC_5/Data             <==>  N8                            
Core/Vdd                        <==>  Vdd                           
Core/N9                         <==>  N9                            
Core/Gnd                        <==>  Gnd                           
-----------------------

Other nodes
=======================

-----------------------

-----------------------


Perfectly matched elements
=======================

File: lights.spc                <==>  lights_tpr.sp                 
=======================
M42(merged elements)            <==>  MN_4_7(XPadOut_8/XPadBidirHE_N20_1)
M725(merged elements)           <==>  MN_4_7(XPadOut_3/XPadBidirHE_N20_1)
M120(merged elements)           <==>  MP_4_7(XPadOut_8/XPadBidirHE_N20_1)
M654(merged elements)           <==>  MP_4_7(XPadOut_3/XPadBidirHE_N20_1)
M689(merged elements)           <==>  MN_4_7(XPadOut_5/XPadBidirHE_N20_1)
M65(merged elements)            <==>  MN_4_7(XPadOut_10/XPadBidirHE_N20_1)
M85(merged elements)            <==>  MP_4_7(XPadOut_10/XPadBidirHE_N20_1)
M684(merged elements)           <==>  MP_4_7(XPadOut_5/XPadBidirHE_N20_1)
M262                            <==>  MN_4_3(Xcore_1/XDFFC_3)       
M361                            <==>  MN_4_3(Xcore_1/XDFFC_2)       
M220                            <==>  MN_4_3(Xcore_1/XDFFC_4)       
M20(merged elements)            <==>  MN_4_7(XPadOut_9/XPadBidirHE_N20_1)
M741(merged elements)           <==>  MN_4_7(XPadOut_4/XPadBidirHE_N20_1)
M92(merged elements)            <==>  MP_4_7(XPadOut_9/XPadBidirHE_N20_1)
M662(merged elements)           <==>  MP_4_7(XPadOut_4/XPadBidirHE_N20_1)
M58(merged elements)            <==>  MN_4_7(XPadOut_7/XPadBidirHE_N20_1)
M696(merged elements)           <==>  MN_4_7(XPadOut_2/XPadBidirHE_N20_1)
M137(merged elements)           <==>  MP_4_7(XPadOut_7/XPadBidirHE_N20_1)
M631(merged elements)           <==>  MP_4_7(XPadOut_2/XPadBidirHE_N20_1)
M61(merged elements)            <==>  MN_4_6(XPadOut_10/XPadBidirHE_N20_1)
M685(merged elements)           <==>  MN_4_6(XPadOut_5/XPadBidirHE_N20_1)
M80(merged elements)            <==>  MP_4_6(XPadOut_10/XPadBidirHE_N20_1)
M680(merged elements)           <==>  MP_4_6(XPadOut_5/XPadBidirHE_N20_1)
M36(merged elements)            <==>  MN_4_6(XPadOut_8/XPadBidirHE_N20_1)
M717(merged elements)           <==>  MN_4_6(XPadOut_3/XPadBidirHE_N20_1)
M116(merged elements)           <==>  MP_4_6(XPadOut_8/XPadBidirHE_N20_1)
M649(merged elements)           <==>  MP_4_6(XPadOut_3/XPadBidirHE_N20_1)
M198                            <==>  MN_4_1(XPadInC_2/XPadBidirHE_1/XPadBidirHE_2.0u_1)
M377                            <==>  MN_4_1(XPadInC_1/XPadBidirHE_1/XPadBidirHE_2.0u_1)
M187                            <==>  MP_4_1(XPadInC_2/XPadBidirHE_1/XPadBidirHE_2.0u_1)
M367                            <==>  MP_4_1(XPadInC_1/XPadBidirHE_1/XPadBidirHE_2.0u_1)
M555                            <==>  MN_4_3(Xcore_1/XDFFC_1)       
M261                            <==>  MN_4_12(Xcore_1/XDFFC_3)      
M219                            <==>  MN_4_12(Xcore_1/XDFFC_4)      
M360                            <==>  MN_4_12(Xcore_1/XDFFC_2)      
M347                            <==>  MN_4_2(Xcore_1/XDFFC_2)       
M248                            <==>  MN_4_2(Xcore_1/XDFFC_3)       
M254                            <==>  MP_4_4(Xcore_1/XDFFC_3)       
M211                            <==>  MP_4_4(Xcore_1/XDFFC_4)       
M210                            <==>  MP_4_12(Xcore_1/XDFFC_4)      
M253                            <==>  MP_4_12(Xcore_1/XDFFC_3)      
M213                            <==>  MP_4_10(Xcore_1/XDFFC_4)      
M234                            <==>  MP_4_10(Xcore_1/XDFFC_3)      
M344                            <==>  MN_4_10(Xcore_1/XDFFC_2)      
M222                            <==>  MN_4_10(Xcore_1/XDFFC_4)      
M245                            <==>  MN_4_10(Xcore_1/XDFFC_3)      
M255                            <==>  MP_4_2(Xcore_1/XDFFC_3)       
M212                            <==>  MP_4_2(Xcore_1/XDFFC_4)       
M263                            <==>  MN_4_1(Xcore_1/XDFFC_3)       
M221                            <==>  MN_4_1(Xcore_1/XDFFC_4)       
M720                            <==>  MN_4_1(XPadOut_3/XPadBidirHE_N20_1)
M37                             <==>  MN_4_1(XPadOut_8/XPadBidirHE_N20_1)
M647                            <==>  MP_4_1(XPadOut_3/XPadBidirHE_N20_1)
M114                            <==>  MP_4_1(XPadOut_8/XPadBidirHE_N20_1)
M602                            <==>  MN_4_1(XPadOut_5/XPadBidirHE_N20_1)
M162                            <==>  MN_4_1(XPadOut_10/XPadBidirHE_N20_1)
M592                            <==>  MP_4_1(XPadOut_5/XPadBidirHE_N20_1)
M178                            <==>  MP_4_1(XPadOut_10/XPadBidirHE_N20_1)
M11(merged elements)            <==>  MN_4_6(XPadOut_9/XPadBidirHE_N20_1)
M744(merged elements)           <==>  MN_4_6(XPadOut_4/XPadBidirHE_N20_1)
M89(merged elements)            <==>  MP_4_6(XPadOut_9/XPadBidirHE_N20_1)
M670(merged elements)           <==>  MP_4_6(XPadOut_4/XPadBidirHE_N20_1)
M577(merged elements)           <==>  MN_4_7(XPadOut_1/XPadBidirHE_N20_1)
M393(merged elements)           <==>  MN_4_7(XPadOut_6/XPadBidirHE_N20_1)
M500(merged elements)           <==>  MP_4_7(XPadOut_1/XPadBidirHE_N20_1)
M402(merged elements)           <==>  MP_4_7(XPadOut_6/XPadBidirHE_N20_1)
M55(merged elements)            <==>  MN_4_6(XPadOut_7/XPadBidirHE_N20_1)
M691(merged elements)           <==>  MN_4_6(XPadOut_2/XPadBidirHE_N20_1)
M134(merged elements)           <==>  MP_4_6(XPadOut_7/XPadBidirHE_N20_1)
M629(merged elements)           <==>  MP_4_6(XPadOut_2/XPadBidirHE_N20_1)
R4                              <==>  R1(XPadOut_10/XPadBidirHE_N20_1)
R9                              <==>  R1(XPadOut_5/XPadBidirHE_N20_1)
R11                             <==>  R1(XPadOut_3/XPadBidirHE_N20_1)
R2                              <==>  R1(XPadOut_8/XPadBidirHE_N20_1)
M202                            <==>  MN_4_2(XPadInC_2/XPadBidirHE_1/XPadBidirHE_2.0u_1)
M380                            <==>  MN_4_2(XPadInC_1/XPadBidirHE_1/XPadBidirHE_2.0u_1)
M197                            <==>  MN_4_3(XPadInC_2/XPadBidirHE_1/XPadBidirHE_2.0u_1)
M378                            <==>  MN_4_3(XPadInC_1/XPadBidirHE_1/XPadBidirHE_2.0u_1)
M194                            <==>  MN_4_4(XPadInC_2/XPadBidirHE_1/XPadBidirHE_2.0u_1)
M281                            <==>  MN_4_4(XPadInC_1/XPadBidirHE_1/XPadBidirHE_2.0u_1)
M269(merged elements)           <==>  MP_4_3(XPadInC_1/XPadBidirHE_1/XPadBidirHE_2.0u_1)
M186(merged elements)           <==>  MP_4_3(XPadInC_2/XPadBidirHE_1/XPadBidirHE_2.0u_1)
M366(merged elements)           <==>  MP_4_4(XPadInC_1/XPadBidirHE_1/XPadBidirHE_2.0u_1)(merged elements)
M184(merged elements)           <==>  MP_4_4(XPadInC_2/XPadBidirHE_1/XPadBidirHE_2.0u_1)(merged elements)
C4                              <==>  C1(XPadOut_10/XPadBidirHE_N20_1/XPad_Bond_1)
C11                             <==>  C1(XPadOut_5/XPadBidirHE_N20_1/XPad_Bond_1)
C13                             <==>  C1(XPadOut_3/XPadBidirHE_N20_1/XPad_Bond_1)
C2                              <==>  C1(XPadOut_8/XPadBidirHE_N20_1/XPad_Bond_1)
M433                            <==>  MN_4_3(Xcore_1/XDFFC_6)       
M471                            <==>  MN_4_3(Xcore_1/XDFFC_7)       
M324                            <==>  MN_4_3(Xcore_1/XDFFC_5)       
M554                            <==>  MN_4_12(Xcore_1/XDFFC_1)      
M259                            <==>  MN_4_11(Xcore_1/XDFFC_3)      
M358                            <==>  MN_4_11(Xcore_1/XDFFC_2)      
M239                            <==>  MN_4_11(Xcore_1/XDFFC_4)      
M240                            <==>  MN_4_13(Xcore_1/XDFFC_4)      
M260                            <==>  MN_4_13(Xcore_1/XDFFC_3)      
M363                            <==>  MN_4_14(Xcore_1/XDFFC_2)      
M264                            <==>  MN_4_14(Xcore_1/XDFFC_3)      
M225                            <==>  MN_4_2(Xcore_1/XDFFC_4)       
M249                            <==>  MN_4_6(Xcore_1/XDFFC_3)       
M348                            <==>  MN_4_6(Xcore_1/XDFFC_2)       
M226                            <==>  MN_4_6(Xcore_1/XDFFC_4)       
M238                            <==>  MP_4_7(Xcore_1/XDFFC_3)       
M339                            <==>  MP_4_7(Xcore_1/XDFFC_2)       
M217                            <==>  MP_4_7(Xcore_1/XDFFC_4)       
M338                            <==>  MP_4_1(Xcore_1/XDFFC_2)       
M237                            <==>  MP_4_1(Xcore_1/XDFFC_3)       
M247                            <==>  MN_4_8(Xcore_1/XDFFC_3)       
M346                            <==>  MN_4_8(Xcore_1/XDFFC_2)       
M337                            <==>  MP_4_8(Xcore_1/XDFFC_2)       
M236                            <==>  MP_4_8(Xcore_1/XDFFC_3)       
M233                            <==>  MP_4_9(Xcore_1/XDFFC_3)       
M334                            <==>  MP_4_9(Xcore_1/XDFFC_2)       
M256                            <==>  MP_4_14(Xcore_1/XDFFC_3)      
M355                            <==>  MP_4_14(Xcore_1/XDFFC_2)      
M265                            <==>  MN_4_5(Xcore_1/XDFFC_3)       
M242                            <==>  MN_4_5(Xcore_1/XDFFC_4)       
M257                            <==>  MP_4_6(Xcore_1/XDFFC_3)       
M231                            <==>  MP_4_6(Xcore_1/XDFFC_4)       
M229                            <==>  MP_4_3(Xcore_1/XDFFC_4)       
M252                            <==>  MP_4_3(Xcore_1/XDFFC_3)       
M353                            <==>  MP_4_4(Xcore_1/XDFFC_2)       
M352                            <==>  MP_4_12(Xcore_1/XDFFC_2)      
M251                            <==>  MP_4_13(Xcore_1/XDFFC_3)      
M228                            <==>  MP_4_13(Xcore_1/XDFFC_4)      
M335                            <==>  MP_4_10(Xcore_1/XDFFC_2)      
M214                            <==>  MP_4_11(Xcore_1/XDFFC_4)      
M235                            <==>  MP_4_11(Xcore_1/XDFFC_3)      
M218                            <==>  MN_4_9(Xcore_1/XDFFC_4)       
M244                            <==>  MN_4_9(Xcore_1/XDFFC_3)       
M343                            <==>  MN_4_9(Xcore_1/XDFFC_2)       
M349                            <==>  MP_4_15(Xcore_1/XDFFC_2)      
M227                            <==>  MP_4_15(Xcore_1/XDFFC_4)      
M250                            <==>  MP_4_15(Xcore_1/XDFFC_3)      
M362                            <==>  MN_4_1(Xcore_1/XDFFC_2)       
M354                            <==>  MP_4_2(Xcore_1/XDFFC_2)       
M243                            <==>  MN_4_4(Xcore_1/XDFFC_4)       
M266                            <==>  MN_4_4(Xcore_1/XDFFC_3)       
M232                            <==>  MP_4_5(Xcore_1/XDFFC_4)       
M258                            <==>  MP_4_5(Xcore_1/XDFFC_3)       
M161                            <==>  MN_4_3(XPadOut_10/XPadBidirHE_N20_1)
M601                            <==>  MN_4_3(XPadOut_5/XPadBidirHE_N20_1)
M600                            <==>  MN_4_4(XPadOut_5/XPadBidirHE_N20_1)
M160                            <==>  MN_4_4(XPadOut_10/XPadBidirHE_N20_1)
M607(merged elements)           <==>  MN_4_5(XPadOut_5/XPadBidirHE_N20_1)
M163(merged elements)           <==>  MN_4_5(XPadOut_10/XPadBidirHE_N20_1)
M176(merged elements)           <==>  MP_4_3(XPadOut_10/XPadBidirHE_N20_1)
M590(merged elements)           <==>  MP_4_3(XPadOut_5/XPadBidirHE_N20_1)
M719                            <==>  MN_4_3(XPadOut_3/XPadBidirHE_N20_1)
M38                             <==>  MN_4_3(XPadOut_8/XPadBidirHE_N20_1)
M21                             <==>  MN_4_4(XPadOut_8/XPadBidirHE_N20_1)
M716                            <==>  MN_4_4(XPadOut_3/XPadBidirHE_N20_1)
M721(merged elements)           <==>  MN_4_5(XPadOut_3/XPadBidirHE_N20_1)
M25(merged elements)            <==>  MN_4_5(XPadOut_8/XPadBidirHE_N20_1)
M97(merged elements)            <==>  MP_4_3(XPadOut_8/XPadBidirHE_N20_1)
M655(merged elements)           <==>  MP_4_3(XPadOut_3/XPadBidirHE_N20_1)
M13                             <==>  MN_4_1(XPadOut_9/XPadBidirHE_N20_1)
M747                            <==>  MN_4_1(XPadOut_4/XPadBidirHE_N20_1)
M88                             <==>  MP_4_1(XPadOut_9/XPadBidirHE_N20_1)
M668                            <==>  MP_4_1(XPadOut_4/XPadBidirHE_N20_1)
M45                             <==>  MN_4_1(XPadOut_7/XPadBidirHE_N20_1)
M693                            <==>  MN_4_1(XPadOut_2/XPadBidirHE_N20_1)
M126                            <==>  MP_4_1(XPadOut_7/XPadBidirHE_N20_1)
M628                            <==>  MP_4_1(XPadOut_2/XPadBidirHE_N20_1)
M177                            <==>  MP_4_4(XPadOut_10/XPadBidirHE_N20_1)
M593                            <==>  MP_4_4(XPadOut_5/XPadBidirHE_N20_1)
M156(merged elements)           <==>  MP_4_5(XPadOut_10/XPadBidirHE_N20_1)
M596(merged elements)           <==>  MP_4_5(XPadOut_5/XPadBidirHE_N20_1)
M648                            <==>  MP_4_4(XPadOut_3/XPadBidirHE_N20_1)
M99                             <==>  MP_4_4(XPadOut_8/XPadBidirHE_N20_1)
M105(merged elements)           <==>  MP_4_5(XPadOut_8/XPadBidirHE_N20_1)
M660(merged elements)           <==>  MP_4_5(XPadOut_3/XPadBidirHE_N20_1)
R1                              <==>  R1(XPadOut_9/XPadBidirHE_N20_1)
R12                             <==>  R1(XPadOut_4/XPadBidirHE_N20_1)
M567(merged elements)           <==>  MN_4_6(XPadOut_1/XPadBidirHE_N20_1)
M386(merged elements)           <==>  MN_4_6(XPadOut_6/XPadBidirHE_N20_1)
M584(merged elements)           <==>  MP_4_6(XPadOut_1/XPadBidirHE_N20_1)
M400(merged elements)           <==>  MP_4_6(XPadOut_6/XPadBidirHE_N20_1)
R10                             <==>  R1(XPadOut_2/XPadBidirHE_N20_1)
R3                              <==>  R1(XPadOut_7/XPadBidirHE_N20_1)
C5                              <==>  C1(XPadInC_2/XPadBidirHE_1/XPadBidirHE_2.0u_1/XPad_Bond_1)
C7                              <==>  C1(XPadInC_1/XPadBidirHE_1/XPadBidirHE_2.0u_1/XPad_Bond_1)
M149(merged elements)           <==>  MN_4_5(XPadInC_2/XPadBidirHE_1/XPadBidirHE_2.0u_1)
M284(merged elements)           <==>  MN_4_5(XPadInC_1/XPadBidirHE_1/XPadBidirHE_2.0u_1)
M280(merged elements)           <==>  MP_4_5(XPadInC_1/XPadBidirHE_1/XPadBidirHE_2.0u_1)
M148(merged elements)           <==>  MP_4_5(XPadInC_2/XPadBidirHE_1/XPadBidirHE_2.0u_1)
C14                             <==>  C1(XPadOut_4/XPadBidirHE_N20_1/XPad_Bond_1)
C1                              <==>  C1(XPadOut_9/XPadBidirHE_N20_1/XPad_Bond_1)
C12                             <==>  C1(XPadOut_2/XPadBidirHE_N20_1/XPad_Bond_1)
C3                              <==>  C1(XPadOut_7/XPadBidirHE_N20_1/XPad_Bond_1)
M454                            <==>  MN_4_10(Xcore_1/XDFFC_7)      
M538                            <==>  MN_4_10(Xcore_1/XDFFC_1)      
M326                            <==>  MN_4_10(Xcore_1/XDFFC_5)      
M413                            <==>  MN_4_10(Xcore_1/XDFFC_6)      
M323                            <==>  MN_4_12(Xcore_1/XDFFC_5)      
M470                            <==>  MN_4_12(Xcore_1/XDFFC_7)      
M432                            <==>  MN_4_12(Xcore_1/XDFFC_6)      
M552                            <==>  MN_4_11(Xcore_1/XDFFC_1)      
M359                            <==>  MN_4_13(Xcore_1/XDFFC_2)      
M241                            <==>  MN_4_14(Xcore_1/XDFFC_4)      
M209                            <==>  MP_4_9(Xcore_1/XDFFC_4)       
M215                            <==>  MP_4_8(Xcore_1/XDFFC_4)       
M216                            <==>  MP_4_1(Xcore_1/XDFFC_4)       
M223                            <==>  MN_4_7(Xcore_1/XDFFC_4)       
M246                            <==>  MN_4_7(Xcore_1/XDFFC_3)       
M345                            <==>  MN_4_7(Xcore_1/XDFFC_2)       
M224                            <==>  MN_4_8(Xcore_1/XDFFC_4)       
M230                            <==>  MP_4_14(Xcore_1/XDFFC_4)      
M292                            <==>  MP_4_4(Xcore_1/XNOR3C_1)      
M501                            <==>  MP_4_4(Xcore_1/XNOR3C_2)      
M422                            <==>  MP_4_4(Xcore_1/XDFFC_6)       
M463                            <==>  MP_4_4(Xcore_1/XDFFC_7)       
M547                            <==>  MP_4_4(Xcore_1/XDFFC_1)       
M312                            <==>  MP_4_4(Xcore_1/XDFFC_5)       
M351                            <==>  MP_4_3(Xcore_1/XDFFC_2)       
M546                            <==>  MP_4_12(Xcore_1/XDFFC_1)      
M421                            <==>  MP_4_12(Xcore_1/XDFFC_6)      
M462                            <==>  MP_4_12(Xcore_1/XDFFC_7)      
M311                            <==>  MP_4_12(Xcore_1/XDFFC_5)      
M350                            <==>  MP_4_13(Xcore_1/XDFFC_2)      
M529                            <==>  MP_4_10(Xcore_1/XDFFC_1)      
M445                            <==>  MP_4_10(Xcore_1/XDFFC_7)      
M407                            <==>  MP_4_10(Xcore_1/XDFFC_6)      
M314                            <==>  MP_4_10(Xcore_1/XDFFC_5)      
M336                            <==>  MP_4_11(Xcore_1/XDFFC_2)      
M543                            <==>  MP_4_15(Xcore_1/XDFFC_1)      
M548                            <==>  MP_4_2(Xcore_1/XDFFC_1)       
M313                            <==>  MP_4_2(Xcore_1/XDFFC_5)       
M464                            <==>  MP_4_2(Xcore_1/XDFFC_7)       
M423                            <==>  MP_4_2(Xcore_1/XDFFC_6)       
M556                            <==>  MN_4_1(Xcore_1/XDFFC_1)       
M325                            <==>  MN_4_1(Xcore_1/XDFFC_5)       
M472                            <==>  MN_4_1(Xcore_1/XDFFC_7)       
M434                            <==>  MN_4_1(Xcore_1/XDFFC_6)       
M357                            <==>  MP_4_5(Xcore_1/XDFFC_2)       
M365                            <==>  MN_4_4(Xcore_1/XDFFC_2)       
M43                             <==>  MN_4_4(XPadOut_7/XPadBidirHE_N20_1)
M704                            <==>  MN_4_4(XPadOut_2/XPadBidirHE_N20_1)
M44                             <==>  MN_4_3(XPadOut_7/XPadBidirHE_N20_1)
M694                            <==>  MN_4_3(XPadOut_2/XPadBidirHE_N20_1)
M710(merged elements)           <==>  MN_4_5(XPadOut_2/XPadBidirHE_N20_1)
M52(merged elements)            <==>  MN_4_5(XPadOut_7/XPadBidirHE_N20_1)
M638(merged elements)           <==>  MP_4_3(XPadOut_2/XPadBidirHE_N20_1)
M123(merged elements)           <==>  MP_4_3(XPadOut_7/XPadBidirHE_N20_1)
M1                              <==>  MN_4_4(XPadOut_9/XPadBidirHE_N20_1)
M743                            <==>  MN_4_4(XPadOut_4/XPadBidirHE_N20_1)
M761(merged elements)           <==>  MN_4_5(XPadOut_4/XPadBidirHE_N20_1)
M4(merged elements)             <==>  MN_4_5(XPadOut_9/XPadBidirHE_N20_1)
M14                             <==>  MN_4_3(XPadOut_9/XPadBidirHE_N20_1)
M746                            <==>  MN_4_3(XPadOut_4/XPadBidirHE_N20_1)
M666(merged elements)           <==>  MP_4_3(XPadOut_4/XPadBidirHE_N20_1)
M68(merged elements)            <==>  MP_4_3(XPadOut_9/XPadBidirHE_N20_1)
M611                            <==>  MN_4_2(XPadOut_5/XPadBidirHE_N20_1)
M172                            <==>  MN_4_2(XPadOut_10/XPadBidirHE_N20_1)
M722                            <==>  MN_4_2(XPadOut_3/XPadBidirHE_N20_1)
M32                             <==>  MN_4_2(XPadOut_8/XPadBidirHE_N20_1)
M389                            <==>  MN_4_1(XPadOut_6/XPadBidirHE_N20_1)
M570                            <==>  MN_4_1(XPadOut_1/XPadBidirHE_N20_1)
M399                            <==>  MP_4_1(XPadOut_6/XPadBidirHE_N20_1)
M583                            <==>  MP_4_1(XPadOut_1/XPadBidirHE_N20_1)
M645(merged elements)           <==>  MP_4_2(XPadOut_3/XPadBidirHE_N20_1)
M96(merged elements)            <==>  MP_4_2(XPadOut_8/XPadBidirHE_N20_1)
M173(merged elements)           <==>  MP_4_2(XPadOut_10/XPadBidirHE_N20_1)
M589(merged elements)           <==>  MP_4_2(XPadOut_5/XPadBidirHE_N20_1)
M639                            <==>  MP_4_4(XPadOut_2/XPadBidirHE_N20_1)
M125                            <==>  MP_4_4(XPadOut_7/XPadBidirHE_N20_1)
M130(merged elements)           <==>  MP_4_5(XPadOut_7/XPadBidirHE_N20_1)
M640(merged elements)           <==>  MP_4_5(XPadOut_2/XPadBidirHE_N20_1)
M677(merged elements)           <==>  MP_4_5(XPadOut_4/XPadBidirHE_N20_1)
M76(merged elements)            <==>  MP_4_5(XPadOut_9/XPadBidirHE_N20_1)
M669                            <==>  MP_4_4(XPadOut_4/XPadBidirHE_N20_1)
M87                             <==>  MP_4_4(XPadOut_9/XPadBidirHE_N20_1)
R7                              <==>  R1(XPadOut_6/XPadBidirHE_N20_1)
R8                              <==>  R1(XPadOut_1/XPadBidirHE_N20_1)
R6                              <==>  R1(XPadInC_1/XPadBidirHE_1/XPadBidirHE_2.0u_1)
R5                              <==>  R1(XPadInC_2/XPadBidirHE_1/XPadBidirHE_2.0u_1)
C8                              <==>  C1(XPadOut_6/XPadBidirHE_N20_1/XPad_Bond_1)
C10                             <==>  C1(XPadOut_1/XPadBidirHE_N20_1/XPad_Bond_1)
M322                            <==>  MN_4_9(Xcore_1/XDFFC_5)       
M537                            <==>  MN_4_9(Xcore_1/XDFFC_1)       
M453                            <==>  MN_4_9(Xcore_1/XDFFC_7)       
M412                            <==>  MN_4_9(Xcore_1/XDFFC_6)       
M519                            <==>  MN_4_2(Xcore_1/XNAND3C_1)     
M541                            <==>  MN_4_2(Xcore_1/XDFFC_1)       
M468                            <==>  MN_4_11(Xcore_1/XDFFC_7)      
M430                            <==>  MN_4_11(Xcore_1/XDFFC_6)      
M320                            <==>  MN_4_11(Xcore_1/XDFFC_5)      
M306                            <==>  MN_4_2(Xcore_1/XDFFC_5)       
M540                            <==>  MN_4_8(Xcore_1/XDFFC_1)       
M469                            <==>  MN_4_13(Xcore_1/XDFFC_7)      
M431                            <==>  MN_4_13(Xcore_1/XDFFC_6)      
M321                            <==>  MN_4_13(Xcore_1/XDFFC_5)      
M553                            <==>  MN_4_13(Xcore_1/XDFFC_1)      
M557                            <==>  MN_4_14(Xcore_1/XDFFC_1)      
M457                            <==>  MN_4_2(Xcore_1/XDFFC_7)       
M451                            <==>  MN_4_2(Xcore_1/XNAND2C_1)     
M450                            <==>  MN_4_3(Xcore_1/XNAND2C_1)     
M534                            <==>  MN_4_3(Xcore_1/XNAND2C_2)     
M473                            <==>  MN_4_14(Xcore_1/XDFFC_7)      
M523                            <==>  MN_4_2(Xcore_1/XNAND2C_2)     
M330                            <==>  MN_4_1(Xcore_1/XNOR2_5)       
M535                            <==>  MN_4_2(Xcore_1/XNOR2_6)       
M16                             <==>  MN_4_2(XPadOut_9/XPadBidirHE_N20_1)
M752                            <==>  MN_4_2(XPadOut_4/XPadBidirHE_N20_1)
M664(merged elements)           <==>  MP_4_2(XPadOut_4/XPadBidirHE_N20_1)
M67(merged elements)            <==>  MP_4_2(XPadOut_9/XPadBidirHE_N20_1)
M342                            <==>  MN_4_1(Xcore_1/XNOR2_2)       
M518                            <==>  MN_4_1(Xcore_1/XNOR2_7)       
M333                            <==>  MP_4_1(Xcore_1/XNOR2_2)       
M510                            <==>  MP_4_1(Xcore_1/XNOR2_7)       
M506                            <==>  MN_4_3(Xcore_1/XNOR3C_2)      
M301                            <==>  MN_4_3(Xcore_1/XNOR3C_1)      
M502                            <==>  MP_4_3(Xcore_1/XNOR3C_2)      
M293                            <==>  MP_4_3(Xcore_1/XNOR3C_1)      
M54                             <==>  MN_4_2(XPadOut_7/XPadBidirHE_N20_1)
M715                            <==>  MN_4_2(XPadOut_2/XPadBidirHE_N20_1)
M635(merged elements)           <==>  MP_4_2(XPadOut_2/XPadBidirHE_N20_1)
M121(merged elements)           <==>  MP_4_2(XPadOut_7/XPadBidirHE_N20_1)
M441                            <==>  MP_4_3(Xcore_1/XNAND2C_1)     
M525                            <==>  MP_4_3(Xcore_1/XNAND2C_2)     
M539                            <==>  MN_4_7(Xcore_1/XDFFC_1)       
M531                            <==>  MP_4_8(Xcore_1/XDFFC_1)       
M528                            <==>  MP_4_9(Xcore_1/XDFFC_1)       
M549                            <==>  MP_4_14(Xcore_1/XDFFC_1)      
M364                            <==>  MN_4_5(Xcore_1/XDFFC_2)       
M328                            <==>  MN_4_5(Xcore_1/XDFFC_5)       
M356                            <==>  MP_4_6(Xcore_1/XDFFC_2)       
M317                            <==>  MP_4_6(Xcore_1/XDFFC_5)       
M508                            <==>  MN_4_1(Xcore_1/XNOR3C_2)      
M303                            <==>  MN_4_1(Xcore_1/XNOR3C_1)      
M505                            <==>  MN_4_4(Xcore_1/XNOR3C_2)      
M300                            <==>  MN_4_4(Xcore_1/XNOR3C_1)      
M504                            <==>  MP_4_1(Xcore_1/XNOR3C_2)      
M295                            <==>  MP_4_1(Xcore_1/XNOR3C_1)      
M524                            <==>  MN_4_1(Xcore_1/XNAND2C_2)     
M452                            <==>  MN_4_1(Xcore_1/XNAND2C_1)     
M516                            <==>  MP_4_1(Xcore_1/XNAND2C_2)     
M443                            <==>  MP_4_1(Xcore_1/XNAND2C_1)     
M460                            <==>  MP_4_13(Xcore_1/XDFFC_7)      
M544                            <==>  MP_4_13(Xcore_1/XDFFC_1)      
M545                            <==>  MP_4_3(Xcore_1/XDFFC_1)       
M309                            <==>  MP_4_13(Xcore_1/XDFFC_5)      
M310                            <==>  MP_4_3(Xcore_1/XDFFC_5)       
M419                            <==>  MP_4_13(Xcore_1/XDFFC_6)      
M461                            <==>  MP_4_3(Xcore_1/XDFFC_7)       
M420                            <==>  MP_4_3(Xcore_1/XDFFC_6)       
M530                            <==>  MP_4_11(Xcore_1/XDFFC_1)      
M408                            <==>  MP_4_11(Xcore_1/XDFFC_6)      
M315                            <==>  MP_4_11(Xcore_1/XDFFC_5)      
M446                            <==>  MP_4_11(Xcore_1/XDFFC_7)      
M308                            <==>  MP_4_15(Xcore_1/XDFFC_5)      
M459                            <==>  MP_4_15(Xcore_1/XDFFC_7)      
M418                            <==>  MP_4_15(Xcore_1/XDFFC_6)      
M465                            <==>  MP_4_14(Xcore_1/XDFFC_7)      
M331                            <==>  MP_4_2(Xcore_1/XNOR2_5)       
M332                            <==>  MP_4_2(Xcore_1/XNOR2_2)       
M424                            <==>  MP_4_14(Xcore_1/XDFFC_6)      
M428                            <==>  MP_4_3(Xcore_1/XNOR2C_1)      
M307                            <==>  MN_4_6(Xcore_1/XDFFC_5)       
M299                            <==>  MP_4_7(Xcore_1/XDFFC_5)       
M437                            <==>  MN_4_4(Xcore_1/XDFFC_6)       
M329                            <==>  MN_4_4(Xcore_1/XDFFC_5)       
M475                            <==>  MN_4_4(Xcore_1/XDFFC_7)       
M559                            <==>  MN_4_4(Xcore_1/XDFFC_1)       
M426                            <==>  MP_4_5(Xcore_1/XDFFC_6)       
M318                            <==>  MP_4_5(Xcore_1/XDFFC_5)       
M467                            <==>  MP_4_5(Xcore_1/XDFFC_7)       
M551                            <==>  MP_4_5(Xcore_1/XDFFC_1)       
M569                            <==>  MN_4_3(XPadOut_1/XPadBidirHE_N20_1)
M388                            <==>  MN_4_3(XPadOut_6/XPadBidirHE_N20_1)
M566                            <==>  MN_4_4(XPadOut_1/XPadBidirHE_N20_1)
M385                            <==>  MN_4_4(XPadOut_6/XPadBidirHE_N20_1)
M620(merged elements)           <==>  MN_4_5(XPadOut_1/XPadBidirHE_N20_1)
M483(merged elements)           <==>  MN_4_5(XPadOut_6/XPadBidirHE_N20_1)
M492(merged elements)           <==>  MP_4_3(XPadOut_6/XPadBidirHE_N20_1)
M581(merged elements)           <==>  MP_4_3(XPadOut_1/XPadBidirHE_N20_1)
M195(merged elements)           <==>  MN_4_6(XPadInC_2/XPadBidirHE_1/XPadBidirHE_2.0u_1)
M376(merged elements)           <==>  MN_4_6(XPadInC_1/XPadBidirHE_1/XPadBidirHE_2.0u_1)
M190(merged elements)           <==>  MP_4_6(XPadInC_2/XPadBidirHE_1/XPadBidirHE_2.0u_1)
M370(merged elements)           <==>  MP_4_6(XPadInC_1/XPadBidirHE_1/XPadBidirHE_2.0u_1)
M582                            <==>  MP_4_4(XPadOut_1/XPadBidirHE_N20_1)
M398                            <==>  MP_4_4(XPadOut_6/XPadBidirHE_N20_1)
M480(merged elements)           <==>  MP_4_5(XPadOut_6/XPadBidirHE_N20_1)
M627(merged elements)           <==>  MP_4_5(XPadOut_1/XPadBidirHE_N20_1)
M382(merged elements)           <==>  MN_4_7(XPadInC_1/XPadBidirHE_1/XPadBidirHE_2.0u_1)
M341                            <==>  MN_4_2(Xcore_1/XNOR2_2)       
M438                            <==>  MN_4_3(Xcore_1/XNOR2C_1)      
M414                            <==>  MN_4_7(Xcore_1/XDFFC_6)       
M517                            <==>  MN_4_2(Xcore_1/XNOR2_7)       
M536                            <==>  MN_4_1(Xcore_1/XNOR2_6)       
M439                            <==>  MN_4_2(Xcore_1/XNOR2C_1)      
M203(merged elements)           <==>  MN_4_7(XPadInC_2/XPadBidirHE_1/XPadBidirHE_2.0u_1)
M455                            <==>  MN_4_7(Xcore_1/XDFFC_7)       
M340                            <==>  MN_4_2(Xcore_1/XNOR2_5)       
M521                            <==>  MN_4_4(Xcore_1/XNAND3C_1)     
M458                            <==>  MN_4_6(Xcore_1/XDFFC_7)       
M575                            <==>  MN_4_2(XPadOut_1/XPadBidirHE_N20_1)
M440                            <==>  MN_4_1(Xcore_1/XNOR2C_1)      
M474                            <==>  MN_4_5(Xcore_1/XDFFC_7)       
M436                            <==>  MN_4_5(Xcore_1/XDFFC_6)       
M417                            <==>  MN_4_6(Xcore_1/XDFFC_6)       
M302                            <==>  MN_4_2(Xcore_1/XNOR3C_1)      
M416                            <==>  MN_4_2(Xcore_1/XDFFC_6)       
M435                            <==>  MN_4_14(Xcore_1/XDFFC_6)      
M327                            <==>  MN_4_14(Xcore_1/XDFFC_5)      
M520                            <==>  MN_4_3(Xcore_1/XNAND3C_1)     
M507                            <==>  MN_4_2(Xcore_1/XNOR3C_2)      
M456                            <==>  MN_4_8(Xcore_1/XDFFC_7)       
M391                            <==>  MN_4_2(XPadOut_6/XPadBidirHE_N20_1)
M542                            <==>  MN_4_6(Xcore_1/XDFFC_1)       
M522                            <==>  MN_4_1(Xcore_1/XNAND3C_1)     
M558                            <==>  MN_4_5(Xcore_1/XDFFC_1)       
M305                            <==>  MN_4_8(Xcore_1/XDFFC_5)       
M415                            <==>  MN_4_8(Xcore_1/XDFFC_6)       
M304                            <==>  MN_4_7(Xcore_1/XDFFC_5)       
M297                            <==>  MP_4_8(Xcore_1/XDFFC_5)       
M371(merged elements)           <==>  MP_4_7(XPadInC_1/XPadBidirHE_1/XPadBidirHE_2.0u_1)
M298                            <==>  MP_4_1(Xcore_1/XDFFC_5)       
M515                            <==>  MP_4_2(Xcore_1/XNAND2C_2)     
M503                            <==>  MP_4_2(Xcore_1/XNOR3C_2)      
M397(merged elements)           <==>  MP_4_2(XPadOut_6/XPadBidirHE_N20_1)
M427                            <==>  MP_4_2(Xcore_1/XNOR2C_1)      
M532                            <==>  MP_4_1(Xcore_1/XDFFC_1)       
M296                            <==>  MP_4_9(Xcore_1/XDFFC_5)       
M193(merged elements)           <==>  MP_4_7(XPadInC_2/XPadBidirHE_1/XPadBidirHE_2.0u_1)
M294                            <==>  MP_4_2(Xcore_1/XNOR3C_1)      
M449                            <==>  MP_4_7(Xcore_1/XDFFC_7)       
M429                            <==>  MP_4_1(Xcore_1/XNOR2C_1)      
M319                            <==>  MP_4_1(Xcore_1/XNOR2_5)       
M466                            <==>  MP_4_6(Xcore_1/XDFFC_7)       
M410                            <==>  MP_4_1(Xcore_1/XDFFC_6)       
M512                            <==>  MP_4_3(Xcore_1/XNAND3C_1)     
M425                            <==>  MP_4_6(Xcore_1/XDFFC_6)       
M513                            <==>  MP_4_2(Xcore_1/XNAND3C_1)     
M411                            <==>  MP_4_7(Xcore_1/XDFFC_6)       
M579(merged elements)           <==>  MP_4_2(XPadOut_1/XPadBidirHE_N20_1)
M409                            <==>  MP_4_8(Xcore_1/XDFFC_6)       
M511                            <==>  MP_4_4(Xcore_1/XNAND3C_1)     
M442                            <==>  MP_4_2(Xcore_1/XNAND2C_1)     
M406                            <==>  MP_4_9(Xcore_1/XDFFC_6)       
M509                            <==>  MP_4_2(Xcore_1/XNOR2_7)       
M533                            <==>  MP_4_7(Xcore_1/XDFFC_1)       
M526                            <==>  MP_4_2(Xcore_1/XNOR2_6)       
M514                            <==>  MP_4_1(Xcore_1/XNAND3C_1)     
M550                            <==>  MP_4_6(Xcore_1/XDFFC_1)       
M447                            <==>  MP_4_8(Xcore_1/XDFFC_7)       
M444                            <==>  MP_4_9(Xcore_1/XDFFC_7)       
M448                            <==>  MP_4_1(Xcore_1/XDFFC_7)       
M316                            <==>  MP_4_14(Xcore_1/XDFFC_5)      
M527                            <==>  MP_4_1(Xcore_1/XNOR2_6)       
C9                              <==>  C1(XPadVdd_1)                 
-----------------------

Other elements
=======================

-----------------------

-----------------------

==============================================================================

